Component: ARM Compiler 5.06 update 6 (build 750) Tool: armlink [4d35ed]

==============================================================================

Section Cross References

    main.o(i.main) refers to bsp_init.o(i.InitMCU) for InitMCU
    main.o(i.main) refers to tasks.o(i.xTaskCreate) for xTaskCreate
    main.o(i.main) refers to tasks.o(i.vTaskStartScheduler) for vTaskStartScheduler
    main.o(i.main) refers to main.o(.data) for pvCreatedTask_vTask1
    main.o(i.main) refers to app_core.o(i.vStartTask) for vStartTask
    app_core.o(i.vNet1LedTask) refers to tasks.o(i.xTaskNotifyWait) for xTaskNotifyWait
    app_core.o(i.vNet1LedTask) refers to stm32h7xx_hal_gpio.o(i.HAL_GPIO_TogglePin) for HAL_GPIO_TogglePin
    app_core.o(i.vNetLedTask) refers to tasks.o(i.xTaskNotifyWait) for xTaskNotifyWait
    app_core.o(i.vNetLedTask) refers to stm32h7xx_hal_gpio.o(i.HAL_GPIO_TogglePin) for HAL_GPIO_TogglePin
    app_core.o(i.vStartTask) refers to app_net.o(i.NetInit) for NetInit
    app_core.o(i.vStartTask) refers to port.o(i.vPortEnterCritical) for vPortEnterCritical
    app_core.o(i.vStartTask) refers to tasks.o(i.xTaskCreate) for xTaskCreate
    app_core.o(i.vStartTask) refers to port.o(i.vPortExitCritical) for vPortExitCritical
    app_core.o(i.vStartTask) refers to tasks.o(i.vTaskDelete) for vTaskDelete
    app_core.o(i.vStartTask) refers to app_core.o(.data) for net_vTask
    app_core.o(i.vStartTask) refers to app_net.o(i.vNetTask) for vNetTask
    app_core.o(i.vStartTask) refers to app_net.o(i.vNet1Task) for vNet1Task
    app_core.o(i.vStartTask) refers to app_core.o(i.vNetLedTask) for vNetLedTask
    app_core.o(i.vStartTask) refers to app_core.o(i.vNet1LedTask) for vNet1LedTask
    app_core.o(i.vStartTask) refers to main.o(.data) for pvCreatedTask_vTask1
    app_net.o(i.NetInit) refers to tcpip.o(i.tcpip_init) for tcpip_init
    app_net.o(i.NetInit) refers to app_net.o(i.netif_config) for netif_config
    app_net.o(i.netif_config) refers to netif.o(i.netif_add) for netif_add
    app_net.o(i.netif_config) refers to netif.o(i.netif_set_default) for netif_set_default
    app_net.o(i.netif_config) refers to netif.o(i.netif_set_link_callback) for netif_set_link_callback
    app_net.o(i.netif_config) refers to tcpip.o(i.tcpip_input) for tcpip_input
    app_net.o(i.netif_config) refers to netif_port.o(i.ethernetif_init) for ethernetif_init
    app_net.o(i.netif_config) refers to app_net.o(.bss) for gnetif
    app_net.o(i.netif_config) refers to netif_port.o(i.eth_link_callback) for eth_link_callback
    app_net.o(i.vNet1Task) refers to tcp_server.o(i.tcp_server_wait_client_task) for tcp_server_wait_client_task
    app_net.o(i.vNet1Task) refers to tasks.o(i.vTaskDelay) for vTaskDelay
    app_net.o(i.vNetTask) refers to ringbuff.o(i.RingBuff_Init) for RingBuff_Init
    app_net.o(i.vNetTask) refers to tcp_client.o(i.tcp_client_conn_server_task) for tcp_client_conn_server_task
    app_net.o(i.vNetTask) refers to tasks.o(i.vTaskDelay) for vTaskDelay
    app_net.o(i.vNetTask) refers to app_net.o(.bss) for TCP_Data
    tcp_client.o(i.received_server_data_process) refers to tcp_client.o(i.send_server_data) for send_server_data
    tcp_client.o(i.send_server_data) refers to api_lib.o(i.netconn_write_partly) for netconn_write_partly
    tcp_client.o(i.send_server_data) refers to tcp_client.o(.data) for tcp_client_server_conn
    tcp_client.o(i.tcp_client_conn_server_task) refers to ip4_addr.o(i.ip4addr_aton) for ip4addr_aton
    tcp_client.o(i.tcp_client_conn_server_task) refers to queue.o(i.xQueueGenericCreate) for xQueueGenericCreate
    tcp_client.o(i.tcp_client_conn_server_task) refers to tasks.o(i.xTaskGenericNotify) for xTaskGenericNotify
    tcp_client.o(i.tcp_client_conn_server_task) refers to api_lib.o(i.netconn_new_with_proto_and_callback) for netconn_new_with_proto_and_callback
    tcp_client.o(i.tcp_client_conn_server_task) refers to api_lib.o(i.netconn_connect) for netconn_connect
    tcp_client.o(i.tcp_client_conn_server_task) refers to queue.o(i.xQueueGenericSend) for xQueueGenericSend
    tcp_client.o(i.tcp_client_conn_server_task) refers to api_lib.o(i.netconn_recv) for netconn_recv
    tcp_client.o(i.tcp_client_conn_server_task) refers to netbuf.o(i.netbuf_data) for netbuf_data
    tcp_client.o(i.tcp_client_conn_server_task) refers to tcp_client.o(i.received_server_data_process) for received_server_data_process
    tcp_client.o(i.tcp_client_conn_server_task) refers to netbuf.o(i.netbuf_delete) for netbuf_delete
    tcp_client.o(i.tcp_client_conn_server_task) refers to api_lib.o(i.netconn_close) for netconn_close
    tcp_client.o(i.tcp_client_conn_server_task) refers to api_lib.o(i.netconn_delete) for netconn_delete
    tcp_client.o(i.tcp_client_conn_server_task) refers to tasks.o(i.vTaskDelay) for vTaskDelay
    tcp_client.o(i.tcp_client_conn_server_task) refers to tcp_client.o(.data) for xServerCommunicationLockSemaphore
[...]
    netconn_alloc                            0x08007b85   Thumb Code   164  api_msg.o(i.netconn_alloc)
    netconn_bind                             0x08007c91   Thumb Code    70  api_lib.o(i.netconn_bind)
    netconn_close                            0x08007d15   Thumb Code    14  api_lib.o(i.netconn_close)
    netconn_connect                          0x08007da1   Thumb Code    70  api_lib.o(i.netconn_connect)
    netconn_delete                           0x08007e29   Thumb Code    30  api_lib.o(i.netconn_delete)
    netconn_err                              0x08007ef1   Thumb Code    34  api_lib.o(i.netconn_err)
    netconn_free                             0x08007f15   Thumb Code   126  api_msg.o(i.netconn_free)
    netconn_getaddr                          0x08008055   Thumb Code   138  api_lib.o(i.netconn_getaddr)
    netconn_listen_with_backlog              0x0800815d   Thumb Code    58  api_lib.o(i.netconn_listen_with_backlog)
    netconn_new_with_proto_and_callback      0x080081d5   Thumb Code   208  api_lib.o(i.netconn_new_with_proto_and_callback)
    netconn_prepare_delete                   0x0800833d   Thumb Code    42  api_lib.o(i.netconn_prepare_delete)
    netconn_recv                             0x0800836d   Thumb Code   196  api_lib.o(i.netconn_recv)
    netconn_write_partly                     0x08008771   Thumb Code    40  api_lib.o(i.netconn_write_partly)
    netconn_write_vectors_partly             0x08008799   Thumb Code   286  api_lib.o(i.netconn_write_vectors_partly)
    netif_add                                0x08008939   Thumb Code   356  netif.o(i.netif_add)
    netif_get_by_index                       0x08008cb1   Thumb Code    36  netif.o(i.netif_get_by_index)
    netif_init                               0x08008cd9   Thumb Code     2  netif.o(i.netif_init)
    netif_set_addr                           0x08008d79   Thumb Code    92  netif.o(i.netif_set_addr)
    netif_set_default                        0x08008dd9   Thumb Code    10  netif.o(i.netif_set_default)
    netif_set_down                           0x08008de9   Thumb Code    78  netif.o(i.netif_set_down)
    netif_set_link_callback                  0x08008e71   Thumb Code     6  netif.o(i.netif_set_link_callback)
    netif_set_link_down                      0x08008e79   Thumb Code    76  netif.o(i.netif_set_link_down)
    netif_set_link_up                        0x08008f01   Thumb Code    84  netif.o(i.netif_set_link_up)
    netif_set_up                             0x08008f91   Thumb Code    70  netif.o(i.netif_set_up)
    pbuf_add_header                          0x0800900d   Thumb Code    18  pbuf.o(i.pbuf_add_header)
    pbuf_alloc                               0x080090cd   Thumb Code   430  pbuf.o(i.pbuf_alloc)
    pbuf_alloc_reference                     0x0800933d   Thumb Code    90  pbuf.o(i.pbuf_alloc_reference)
    pbuf_alloced_custom                      0x080093c1   Thumb Code    90  pbuf.o(i.pbuf_alloced_custom)
    pbuf_cat                                 0x0800941d   Thumb Code   130  pbuf.o(i.pbuf_cat)
    pbuf_clen                                0x0800952d   Thumb Code    18  pbuf.o(i.pbuf_clen)
    pbuf_clone                               0x08009541   Thumb Code    70  pbuf.o(i.pbuf_clone)
    pbuf_copy                                0x080095b1   Thumb Code   320  pbuf.o(i.pbuf_copy)
    pbuf_copy_partial                        0x080097a5   Thumb Code   168  pbuf.o(i.pbuf_copy_partial)
    pbuf_free                                0x080098a5   Thumb Code   260  pbuf.o(i.pbuf_free)
    pbuf_free_custom                         0x08009a19   Thumb Code    16  netif_port.o(i.pbuf_free_custom)
    pbuf_header_force                        0x08009a77   Thumb Code    18  pbuf.o(i.pbuf_header_force)
    pbuf_realloc                             0x08009b0d   Thumb Code   194  pbuf.o(i.pbuf_realloc)
    pbuf_ref                                 0x08009c31   Thumb Code    60  pbuf.o(i.pbuf_ref)
    pbuf_remove_header                       0x08009c95   Thumb Code   118  pbuf.o(i.pbuf_remove_header)
    pvPortMalloc                             0x0800aa41   Thumb Code   308  heap_4.o(i.pvPortMalloc)
    pvTaskIncrementMutexHeldCount            0x0800ab89   Thumb Code    26  tasks.o(i.pvTaskIncrementMutexHeldCount)
    pxPortInitialiseStack                    0x0800aba9   Thumb Code    38  port.o(i.pxPortInitialiseStack)
    received_server_data_process             0x0800abd5   Thumb Code    16  tcp_client.o(i.received_server_data_process)
    send_server_data                         0x0800aead   Thumb Code    38  tcp_client.o(i.send_server_data)
    sys_arch_assert                          0x0800afc9   Thumb Code     2  sys_arch.o(i.sys_arch_assert)
    sys_arch_mbox_fetch                      0x0800afcd   Thumb Code   138  sys_arch.o(i.sys_arch_mbox_fetch)
    sys_arch_mbox_tryfetch                   0x0800b0a9   Thumb Code    46  sys_arch.o(i.sys_arch_mbox_tryfetch)
    sys_arch_protect                         0x0800b0d7   Thumb Code    10  sys_arch.o(i.sys_arch_protect)
    sys_arch_sem_wait                        0x0800b0e1   Thumb Code   126  sys_arch.o(i.sys_arch_sem_wait)
    sys_arch_unprotect                       0x0800b1b1   Thumb Code    10  sys_arch.o(i.sys_arch_unprotect)
    sys_check_timeouts                       0x0800b1bd   Thumb Code    74  timeouts.o(i.sys_check_timeouts)
    sys_init                                 0x0800b211   Thumb Code     2  sys_arch.o(i.sys_init)
    sys_mbox_free                            0x0800b215   Thumb Code    56  sys_arch.o(i.sys_mbox_free)
    sys_mbox_new                             0x0800b295   Thumb Code    40  sys_arch.o(i.sys_mbox_new)
    sys_mbox_set_invalid                     0x0800b2bd   Thumb Code     6  sys_arch.o(i.sys_mbox_set_invalid)
    sys_mbox_trypost                         0x0800b2c3   Thumb Code    42  sys_arch.o(i.sys_mbox_trypost)
    sys_mbox_valid                           0x0800b2ed   Thumb Code    14  sys_arch.o(i.sys_mbox_valid)
    sys_mutex_lock                           0x0800b2fb   Thumb Code    22  sys_arch.o(i.sys_mutex_lock)
    sys_mutex_new                            0x0800b311   Thumb Code    26  sys_arch.o(i.sys_mutex_new)
    sys_mutex_unlock                         0x0800b32b   Thumb Code    26  sys_arch.o(i.sys_mutex_unlock)
    sys_now                                  0x0800b345   Thumb Code     8  sys_arch.o(i.sys_now)
    sys_sem_free                             0x0800b34d   Thumb Code    12  sys_arch.o(i.sys_sem_free)
    sys_sem_new                              0x0800b359   Thumb Code    62  sys_arch.o(i.sys_sem_new)
    sys_sem_set_invalid                      0x0800b397   Thumb Code     6  sys_arch.o(i.sys_sem_set_invalid)
    sys_sem_signal                           0x0800b39d   Thumb Code    26  sys_arch.o(i.sys_sem_signal)
    sys_sem_valid                            0x0800b3b7   Thumb Code    14  sys_arch.o(i.sys_sem_valid)
    sys_thread_new                           0x0800b3c5   Thumb Code    56  sys_arch.o(i.sys_thread_new)
    sys_timeout                              0x0800b3fd   Thumb Code    60  timeouts.o(i.sys_timeout)
    sys_timeouts_init                        0x0800b589   Thumb Code    30  timeouts.o(i.sys_timeouts_init)
    sys_timeouts_sleeptime                   0x0800b5b1   Thumb Code    88  timeouts.o(i.sys_timeouts_sleeptime)
    tcp_abandon                              0x0800b639   Thumb Code   290  tcp.o(i.tcp_abandon)
    tcp_abort                                0x0800b7d1   Thumb Code    14  tcp.o(i.tcp_abort)
    tcp_accept                               0x0800b7df   Thumb Code    16  tcp.o(i.tcp_accept)
    tcp_alloc                                0x0800b855   Thumb Code   224  tcp.o(i.tcp_alloc)
    tcp_arg                                  0x0800b955   Thumb Code     6  tcp.o(i.tcp_arg)
    tcp_bind                                 0x0800b95d   Thumb Code   208  tcp.o(i.tcp_bind)
    tcp_client_conn_server_task              0x0800ba8d   Thumb Code   252  tcp_client.o(i.tcp_client_conn_server_task)
    tcp_close                                0x0800bba5   Thumb Code    68  tcp.o(i.tcp_close)
    tcp_connect                              0x0800be89   Thumb Code   406  tcp.o(i.tcp_connect)
    tcp_eff_send_mss_netif                   0x0800c24d   Thumb Code    82  tcp.o(i.tcp_eff_send_mss_netif)
    tcp_enqueue_flags                        0x0800c2dd   Thumb Code   432  tcp_out.o(i.tcp_enqueue_flags)
    tcp_err                                  0x0800c571   Thumb Code    44  tcp.o(i.tcp_err)
    tcp_fasttmr                              0x0800c5d9   Thumb Code   150  tcp.o(i.tcp_fasttmr)
    tcp_free                                 0x0800c67d   Thumb Code    42  tcp.o(i.tcp_free)
    tcp_free_ooseq                           0x0800c855   Thumb Code    20  tcp.o(i.tcp_free_ooseq)
    tcp_init                                 0x0800c8e9   Thumb Code     2  tcp.o(i.tcp_init)
    tcp_input                                0x0800c8ed   Thumb Code  1992  tcp_in.o(i.tcp_input)
    tcp_keepalive                            0x0800d1a5   Thumb Code   122  tcp_out.o(i.tcp_keepalive)
    tcp_listen_with_backlog_and_err          0x0800d5e1   Thumb Code   252  tcp.o(i.tcp_listen_with_backlog_and_err)
    tcp_netif_ip_addr_changed                0x0800d765   Thumb Code    64  tcp.o(i.tcp_netif_ip_addr_changed)
    tcp_new_ip_type                          0x0800d841   Thumb Code    16  tcp.o(i.tcp_new_ip_type)
    tcp_next_iss                             0x0800d8b9   Thumb Code    50  tcp.o(i.tcp_next_iss)
    tcp_output                               0x0800da0d   Thumb Code   704  tcp_out.o(i.tcp_output)
    tcp_pcb_purge                            0x0800e51d   Thumb Code   132  tcp.o(i.tcp_pcb_purge)
    tcp_pcb_remove                           0x0800e5d1   Thumb Code   252  tcp.o(i.tcp_pcb_remove)
    tcp_poll                                 0x0800e769   Thumb Code    76  tcp.o(i.tcp_poll)
    tcp_process_refused_data                 0x0800ef31   Thumb Code   190  tcp.o(i.tcp_process_refused_data)
    tcp_recv                                 0x0800fca1   Thumb Code    44  tcp.o(i.tcp_recv)
    tcp_recv_null                            0x0800fd09   Thumb Code    78  tcp.o(i.tcp_recv_null)
    tcp_recved                               0x0800fd89   Thumb Code   144  tcp.o(i.tcp_recved)
    tcp_rexmit                               0x0800fedd   Thumb Code   146  tcp_out.o(i.tcp_rexmit)
    tcp_rexmit_fast                          0x0800ffa1   Thumb Code   150  tcp_out.o(i.tcp_rexmit_fast)
    tcp_rexmit_rto                           0x08010071   Thumb Code    46  tcp_out.o(i.tcp_rexmit_rto)
    tcp_rexmit_rto_commit                    0x080100d5   Thumb Code    56  tcp_out.o(i.tcp_rexmit_rto_commit)
    tcp_rexmit_rto_prepare                   0x08010149   Thumb Code   168  tcp_out.o(i.tcp_rexmit_rto_prepare)
    tcp_rst                                  0x0801024d   Thumb Code   156  tcp_out.o(i.tcp_rst)
    tcp_seg_copy                             0x08010339   Thumb Code    70  tcp.o(i.tcp_seg_copy)
    tcp_seg_free                             0x080103b1   Thumb Code    26  tcp.o(i.tcp_seg_free)
    tcp_segs_free                            0x080103cb   Thumb Code    24  tcp.o(i.tcp_segs_free)
    tcp_send_empty_ack                       0x080103e5   Thumb Code   202  tcp_out.o(i.tcp_send_empty_ack)
    tcp_send_fin                             0x080104e9   Thumb Code   104  tcp_out.o(i.tcp_send_fin)
    tcp_sent                                 0x08010585   Thumb Code    44  tcp.o(i.tcp_sent)
    tcp_server_wait_client_task              0x080105ed   Thumb Code   232  tcp_server.o(i.tcp_server_wait_client_task)
    tcp_shutdown                             0x080106f5   Thumb Code   134  tcp.o(i.tcp_shutdown)
    tcp_slowtmr                              0x080107ad   Thumb Code  1652  tcp.o(i.tcp_slowtmr)
    tcp_split_unsent_seg                     0x08010edd   Thumb Code   538  tcp_out.o(i.tcp_split_unsent_seg)
    tcp_timer_needed                         0x08011185   Thumb Code    38  timeouts.o(i.tcp_timer_needed)
    tcp_tmr                                  0x080112bd   Thumb Code    30  tcp.o(i.tcp_tmr)
    tcp_trigger_input_pcb_close              0x080112e1   Thumb Code    14  tcp_in.o(i.tcp_trigger_input_pcb_close)
    tcp_update_rcv_ann_wnd                   0x080112f5   Thumb Code   130  tcp.o(i.tcp_update_rcv_ann_wnd)
    tcp_write                                0x080113cd   Thumb Code  2056  tcp_out.o(i.tcp_write)
    tcp_zero_window_probe                    0x08011e21   Thumb Code   262  tcp_out.o(i.tcp_zero_window_probe)
    tcpip_init                               0x08011f65   Thumb Code   102  tcpip.o(i.tcpip_init)
    tcpip_inpkt                              0x0801204d   Thumb Code   100  tcpip.o(i.tcpip_inpkt)
    tcpip_input                              0x080120d9   Thumb Code    40  tcpip.o(i.tcpip_input)
    tcpip_send_msg_wait_sem                  0x08012109   Thumb Code    28  tcpip.o(i.tcpip_send_msg_wait_sem)
    tcpip_try_callback                       0x080122f5   Thumb Code    96  tcpip.o(i.tcpip_try_callback)
    udp_bind                                 0x0801237d   Thumb Code   204  udp.o(i.udp_bind)
    udp_connect                              0x0801247d   Thumb Code   170  udp.o(i.udp_connect)
    udp_init                                 0x08012579   Thumb Code     2  udp.o(i.udp_init)
    udp_input                                0x0801257d   Thumb Code   468  udp.o(i.udp_input)
    udp_netif_ip_addr_changed                0x080128b1   Thumb Code    42  udp.o(i.udp_netif_ip_addr_changed)
    udp_new                                  0x080128e1   Thumb Code    34  udp.o(i.udp_new)
    udp_new_ip_type                          0x08012919   Thumb Code    14  udp.o(i.udp_new_ip_type)
    udp_recv                                 0x08012981   Thumb Code    44  udp.o(i.udp_recv)
    udp_remove                               0x080129d9   Thumb Code    94  udp.o(i.udp_remove)
    uxListRemove                             0x08012a69   Thumb Code    40  list.o(i.uxListRemove)
    uxQueueMessagesWaiting                   0x08012a91   Thumb Code    46  queue.o(i.uxQueueMessagesWaiting)
    vListInitialise                          0x08012abf   Thumb Code    26  list.o(i.vListInitialise)
    vListInitialiseItem                      0x08012ad9   Thumb Code     6  list.o(i.vListInitialiseItem)
    vListInsert                              0x08012adf   Thumb Code    52  list.o(i.vListInsert)
    vListInsertEnd                           0x08012b13   Thumb Code    24  list.o(i.vListInsertEnd)
    vNet1LedTask                             0x08012b2d   Thumb Code    44  app_core.o(i.vNet1LedTask)
    vNet1Task                                0x08012b5d   Thumb Code    16  app_net.o(i.vNet1Task)
    vNetLedTask                              0x08012b6d   Thumb Code    44  app_core.o(i.vNetLedTask)
    vNetTask                                 0x08012b9d   Thumb Code    42  app_net.o(i.vNetTask)
    vPortEnterCritical                       0x08012bcd   Thumb Code    84  port.o(i.vPortEnterCritical)
    vPortExitCritical                        0x08012c29   Thumb Code    60  port.o(i.vPortExitCritical)
    vPortFree                                0x08012c69   Thumb Code   148  heap_4.o(i.vPortFree)
    vPortSetupTimerInterrupt                 0x08012d05   Thumb Code    26  port.o(i.vPortSetupTimerInterrupt)
    vPortValidateInterruptPriority           0x08012d25   Thumb Code   114  port.o(i.vPortValidateInterruptPriority)
    vQueueAddToRegistry                      0x08012da5   Thumb Code    38  queue.o(i.vQueueAddToRegistry)
    vQueueDelete                             0x08012dd1   Thumb Code    48  queue.o(i.vQueueDelete)
    vQueueUnregisterQueue                    0x08012e01   Thumb Code    44  queue.o(i.vQueueUnregisterQueue)
    vQueueWaitForMessageRestricted           0x08012e31   Thumb Code    74  queue.o(i.vQueueWaitForMessageRestricted)
    vStartTask                               0x08012e7d   Thumb Code   114  app_core.o(i.vStartTask)
    vTaskDelay                               0x08012f4d   Thumb Code    86  tasks.o(i.vTaskDelay)
    vTaskDelete                              0x08012fad   Thumb Code   206  tasks.o(i.vTaskDelete)
    vTaskMissedYield                         0x080130a5   Thumb Code     8  tasks.o(i.vTaskMissedYield)
    vTaskPlaceOnEventList                    0x080130b1   Thumb Code    56  tasks.o(i.vTaskPlaceOnEventList)
    vTaskPlaceOnEventListRestricted          0x080130ed   Thumb Code    64  tasks.o(i.vTaskPlaceOnEventListRestricted)
    vTaskPriorityInherit                     0x08013131   Thumb Code   164  tasks.o(i.vTaskPriorityInherit)
    vTaskSetTimeOutState                     0x080131e1   Thumb Code    42  tasks.o(i.vTaskSetTimeOutState)
    vTaskStartScheduler                      0x08013215   Thumb Code   128  tasks.o(i.vTaskStartScheduler)
    vTaskSuspendAll                          0x080132b1   Thumb Code    12  tasks.o(i.vTaskSuspendAll)
    vTaskSwitchContext                       0x080132c1   Thumb Code   122  tasks.o(i.vTaskSwitchContext)
    xPortStartScheduler                      0x08013351   Thumb Code   206  port.o(i.xPortStartScheduler)
    xQueueCreateMutex                        0x08013439   Thumb Code    34  queue.o(i.xQueueCreateMutex)
    xQueueGenericCreate                      0x0801345b   Thumb Code    92  queue.o(i.xQueueGenericCreate)
    xQueueGenericReceive                     0x080134b9   Thumb Code   458  queue.o(i.xQueueGenericReceive)
    xQueueGenericReset                       0x08013689   Thumb Code   150  queue.o(i.xQueueGenericReset)
    xQueueGenericSend                        0x08013725   Thumb Code   436  queue.o(i.xQueueGenericSend)
    xQueueGenericSendFromISR                 0x080138dd   Thumb Code   264  queue.o(i.xQueueGenericSendFromISR)
    xQueueGiveFromISR                        0x080139e5   Thumb Code   240  queue.o(i.xQueueGiveFromISR)
    xTaskCheckForTimeOut                     0x08013ad5   Thumb Code   140  tasks.o(i.xTaskCheckForTimeOut)
    xTaskCreate                              0x08013b69   Thumb Code    96  tasks.o(i.xTaskCreate)
    xTaskGenericNotify                       0x08013bc9   Thumb Code   250  tasks.o(i.xTaskGenericNotify)
    xTaskGetSchedulerState                   0x08013cd5   Thumb Code    24  tasks.o(i.xTaskGetSchedulerState)
    xTaskGetTickCount                        0x08013cf5   Thumb Code     6  tasks.o(i.xTaskGetTickCount)
    xTaskIncrementTick                       0x08013d01   Thumb Code   286  tasks.o(i.xTaskIncrementTick)
    xTaskNotifyWait                          0x08013e4d   Thumb Code   150  tasks.o(i.xTaskNotifyWait)
    xTaskPriorityDisinherit                  0x08013eed   Thumb Code   196  tasks.o(i.xTaskPriorityDisinherit)
    xTaskRemoveFromEventList                 0x08013fbd   Thumb Code   132  tasks.o(i.xTaskRemoveFromEventList)
    xTaskResumeAll                           0x08014059   Thumb Code   228  tasks.o(i.xTaskResumeAll)
    xTimerCreateTimerTask                    0x08014161   Thumb Code    70  timers.o(i.xTimerCreateTimerTask)
    xTimerGenericCommand                     0x080141bd   Thumb Code   130  timers.o(i.xTimerGenericCommand)
    netconn_aborted                          0x08014244   Data           1  api_msg.o(.constdata)
    netconn_reset                            0x08014245   Data           1  api_msg.o(.constdata)
    netconn_closed                           0x08014246   Data           1  api_msg.o(.constdata)
    memp_UDP_PCB                             0x08014248   Data          16  memp.o(.constdata)
    memp_TCP_PCB                             0x08014258   Data          16  memp.o(.constdata)
    memp_TCP_PCB_LISTEN                      0x08014268   Data          16  memp.o(.constdata)
    memp_TCP_SEG                             0x08014278   Data          16  memp.o(.constdata)
    memp_NETBUF                              0x08014288   Data          16  memp.o(.constdata)
    memp_NETCONN                             0x08014298   Data          16  memp.o(.constdata)
    memp_TCPIP_MSG_API                       0x080142a8   Data          16  memp.o(.constdata)
    memp_TCPIP_MSG_INPKT                     0x080142b8   Data          16  memp.o(.constdata)
    memp_SYS_TIMEOUT                         0x080142c8   Data          16  memp.o(.constdata)
    memp_PBUF                                0x080142d8   Data          16  memp.o(.constdata)
    memp_PBUF_POOL                           0x080142e8   Data          16  memp.o(.constdata)
    memp_pools                               0x080142f8   Data          44  memp.o(.constdata)
    tcp_pcb_lists                            0x08014364   Data          16  tcp.o(.constdata)
    lwip_cyclic_timers                       0x08014374   Data          16  timeouts.o(.constdata)
    lwip_num_cyclic_timers                   0x08014384   Data           4  timeouts.o(.constdata)
    ip_addr_any                              0x08014388   Data           4  ip4_addr.o(.constdata)
    ip_addr_broadcast                        0x0801438c   Data           4  ip4_addr.o(.constdata)
    ethbroadcast                             0x08014390   Data           6  ethernet.o(.constdata)
    ethzero                                  0x08014396   Data           6  ethernet.o(.constdata)
    memp_RX_POOL                             0x080143cc   Data          16  netif_port.o(.constdata)
    D1CorePrescTable                         0x0801440c   Data          16  system_stm32h7xx.o(.constdata)
    __ctype_table                            0x0801441c   Data         129  ctype_o.o(.constdata)
    Region$$Table$$Base                      0x0801468c   Number         0  anon$$obj.o(Region$$Table)
    Region$$Table$$Limit                     0x080146dc   Number         0  anon$$obj.o(Region$$Table)
    pvCreatedTask_vTask1                     0x24000000   Data           4  main.o(.data)
    net_vTask                                0x24000004   Data           4  app_core.o(.data)
    net1_vTask                               0x24000008   Data           4  app_core.o(.data)
    netled_vTask                             0x2400000c   Data           4  app_core.o(.data)
    net1led_vTask                            0x24000010   Data           4  app_core.o(.data)
    xServerCommunicationLockSemaphore        0x24000014   Data           4  tcp_client.o(.data)
    SeverClientFlag                          0x2400001c   Data           1  tcp_server.o(.data)
    conn                                     0x24000020   Data           4  tcp_server.o(.data)
    newconn                                  0x24000024   Data           4  tcp_server.o(.data)
    TimDelayNumber                           0x24000034   Data           4  bsp_timer.o(.data)
    GpioTable                                0x24000038   Data          72  bsp_gpio.o(.data)
    lock_tcpip_core                          0x2400008c   Data           4  tcpip.o(.data)
    netif_list                               0x240000d0   Data           4  netif.o(.data)
    netif_default                            0x240000d4   Data           4  netif.o(.data)
    pbuf_free_ooseq_pending                  0x240000d9   Data           1  pbuf.o(.data)
    tcp_ticks                                0x240000e0   Data           4  tcp.o(.data)
    tcp_bound_pcbs                           0x240000e4   Data           4  tcp.o(.data)
    tcp_listen_pcbs                          0x240000e8   Data           4  tcp.o(.data)
    tcp_active_pcbs                          0x240000ec   Data           4  tcp.o(.data)
    tcp_tw_pcbs                              0x240000f0   Data           4  tcp.o(.data)
    tcp_active_pcbs_changed                  0x240000f4   Data           1  tcp.o(.data)
    tcp_input_pcb                            0x24000120   Data           4  tcp_in.o(.data)
    udp_pcbs                                 0x24000134   Data           4  udp.o(.data)
    RxPktSemaphore                           0x2400013c   Data           4  netif_port.o(.data)
    LAN8742_IOCtx                            0x24000144   Data          20  netif_port.o(.data)
    numbernumber                             0x24000158   Data           4  lan8742.o(.data)
    pxCurrentTCB                             0x2400015c   Data           4  tasks.o(.data)
    SystemCoreClock                          0x240001d0   Data           4  system_stm32h7xx.o(.data)
    SystemD2Clock                            0x240001d4   Data           4  system_stm32h7xx.o(.data)
    __stdout                                 0x240001e4   Data           4  stdout.o(.data)
    gnetif                                   0x240001e8   Data          52  app_net.o(.bss)
    TCP_Data                                 0x2400021c   Data         308  app_net.o(.bss)
    TimHandle                                0x24000350   Data          64  bsp_init.o(.bss)
    TIMx_TIME_Handler                        0x24000390   Data          64  bsp_timer.o(.bss)
    ip_data                                  0x240003d0   Data          24  ip.o(.bss)
    memp_memory_UDP_PCB_base                 0x240003e8   Data         231  memp.o(.bss)
    memp_memory_TCP_PCB_base                 0x240004cf   Data        1203  memp.o(.bss)
    memp_memory_TCP_PCB_LISTEN_base          0x24000982   Data         219  memp.o(.bss)
    memp_memory_TCP_SEG_base                 0x24000a5d   Data        1027  memp.o(.bss)
    memp_memory_NETBUF_base                  0x24000e60   Data         123  memp.o(.bss)
    memp_memory_NETCONN_base                 0x24000edb   Data         423  memp.o(.bss)
    memp_memory_TCPIP_MSG_API_base           0x24001082   Data         483  memp.o(.bss)
    memp_memory_TCPIP_MSG_INPKT_base         0x24001265   Data         483  memp.o(.bss)
    memp_memory_SYS_TIMEOUT_base             0x24001448   Data         603  memp.o(.bss)
    memp_memory_PBUF_base                    0x240016a3   Data         963  memp.o(.bss)
    memp_memory_PBUF_POOL_base               0x24001a66   Data       15763  memp.o(.bss)
    EthHandle                                0x24005900   Data         104  netif_port.o(.bss)
    TxConfig                                 0x24005968   Data          52  netif_port.o(.bss)
    LAN8742                                  0x2400599c   Data          32  netif_port.o(.bss)
    memp_memory_RX_POOL_base                 0x240059bc   Data         259  netif_port.o(.bss)
    xQueueRegistry                           0x24005ac0   Data          64  queue.o(.bss)
    __initial_sp                             0x24013ca8   Data           0  startup_stm32h743xx.o(STACK)
    DMARxDscrTab                             0x30040000   Data          96  netif_port.o(.RxDecripSection)
    DMATxDscrTab                             0x30040060   Data          96  netif_port.o(.TxDecripSection)
    Rx_Buff                                  0x30040200   Data        6144  netif_port.o(.RxArraySection)



==============================================================================

Memory Map of the image

  Image Entry point : 0x08000299

  Load Region LR_IROM1 (Base: 0x08000000, Size: 0x00016184, Max: 0x00200000, ABSOLUTE, COMPRESSED[0x00014814])

    Execution Region ER_IROM1 (Exec base: 0x08000000, Load base: 0x08000000, Size: 0x000146dc, Max: 0x00200000, ABSOLUTE)

    Exec Addr    Load Addr    Size         Type   Attr      Idx    E Section Name        Object

    0x08000000   0x08000000   0x00000298   Data   RO         5406    RESET               startup_stm32h743xx.o
    0x08000298   0x08000298   0x00000000   Code   RO        12834  * .ARM.Collect$$$$00000000  mc_w.l(entry.o)
    0x08000298   0x08000298   0x00000004   Code   RO        13146    .ARM.Collect$$$$00000001  mc_w.l(entry2.o)
    0x0800029c   0x0800029c   0x00000004   Code   RO        13149    .ARM.Collect$$$$00000004  mc_w.l(entry5.o)
    0x080002a0   0x080002a0   0x00000000   Code   RO        13151    .ARM.Collect$$$$00000008  mc_w.l(entry7b.o)
    0x080002a0   0x080002a0   0x00000000   Code   RO        13153    .ARM.Collect$$$$0000000A  mc_w.l(entry8b.o)
    0x080002a0   0x080002a0   0x00000008   Code   RO        13154    .ARM.Collect$$$$0000000B  mc_w.l(entry9a.o)
    0x080002a8   0x080002a8   0x00000000   Code   RO        13156    .ARM.Collect$$$$0000000D  mc_w.l(entry10a.o)
    0x080002a8   0x080002a8   0x00000000   Code   RO        13158    .ARM.Collect$$$$0000000F  mc_w.l(entry11a.o)
    0x080002a8   0x080002a8   0x00000004   Code   RO        13147    .ARM.Collect$$$$00002712  mc_w.l(entry2.o)
    0x080002ac   0x080002ac   0x000000ba   Code   RO         5290    .emb_text           port.o
    0x08000366   0x08000366   0x00000002   PAD
    0x08000368   0x08000368   0x00000024   Code   RO         5407    .text               startup_stm32h743xx.o
    0x0800038c   0x0800038c   0x00000008   Code   RO        12839    .text               mc_w.l(ctype_o.o)
    0x08000394   0x08000394   0x00000040   Code   RO        12869    .text               mc_w.l(memmovea.o)
    0x080003d4   0x080003d4   0x00000024   Code   RO        12871    .text               mc_w.l(memseta.o)
    0x080003f8   0x080003f8   0x0000001a   Code   RO        12875    .text               mc_w.l(memcmp.o)
    0x08000412   0x08000412   0x00000002   PAD
    0x08000414   0x08000414   0x00000024   Code   RO        13189    .text               mc_w.l(init.o)
    0x08000438   0x08000438   0x00000000   Code   RO        13191    .text               mc_w.l(semi.o)
    0x08000438   0x08000438   0x00000000   Code   RO        13196    .text               mc_w.l(iusesemip.o)
    0x08000438   0x08000438   0x00000056   Code   RO        13209    .text               mc_w.l(__dczerorl2.o)
    0x0800048e   0x0800048e   0x00000004   Code   RO          416    i.BusFault_Handler  stm32h7xx_it.o
    0x08000492   0x08000492   0x00000002   PAD
    0x08000494   0x08000494   0x0000001c   Code   RO          770    i.Cache_Enable      bsp_init.o
    0x080004b0   0x080004b0   0x00000002   Code   RO          417    i.DebugMon_Handler  stm32h7xx_it.o
    0x080004b2   0x080004b2   0x00000060   Code   RO         6761    i.ETH_DMARxDescListInit  stm32h7xx_hal_eth.o
    0x08000512   0x08000512   0x00000052   Code   RO         6762    i.ETH_DMATxDescListInit  stm32h7xx_hal_eth.o
    0x08000564   0x08000564   0x00000010   Code   RO         3981    i.ETH_IRQHandler    netif_port.o
    0x08000574   0x08000574   0x00000106   Code   RO         6763    i.ETH_MACDMAConfig  stm32h7xx_hal_eth.o
    0x0800067a   0x0800067a   0x00000002   PAD
    0x0800067c   0x0800067c   0x00000078   Code   RO         6764    i.ETH_MAC_MDIO_ClkConfig  stm32h7xx_hal_eth.o
    0x080006f4   0x080006f4   0x00000004   Code   RO         3982    i.ETH_PHY_IO_DeInit  netif_port.o
    0x080006f8   0x080006f8   0x00000008   Code   RO         3983    i.ETH_PHY_IO_GetTick  netif_port.o
    0x08000700   0x08000700   0x00000010   Code   RO         3984    i.ETH_PHY_IO_Init   netif_port.o
    0x08000710   0x08000710   0x00000024   Code   RO         3985    i.ETH_PHY_IO_ReadReg  netif_port.o
    0x08000734   0x08000734   0x00000024   Code   RO         3986    i.ETH_PHY_IO_WriteReg  netif_port.o
    0x08000758   0x08000758   0x00000338   Code   RO         6765    i.ETH_Prepare_Tx_Descriptors  stm32h7xx_hal_eth.o
    0x08000a90   0x08000a90   0x000000bc   Code   RO         6766    i.ETH_SetDMAConfig  stm32h7xx_hal_eth.o
    0x08000b4c   0x08000b4c   0x00000194   Code   RO         6767    i.ETH_SetMACConfig  stm32h7xx_hal_eth.o
    0x08000ce0   0x08000ce0   0x00000002   Code   RO          771    i.Error_Handler     bsp_init.o
    0x08000ce2   0x08000ce2   0x00000002   PAD
    0x08000ce4   0x08000ce4   0x00000060   Code   RO          950    i.GpioMoreInit      bsp_gpio.o
    0x08000d44   0x08000d44   0x00000016   Code   RO          951    i.Gpio_Init         bsp_gpio.o
    0x08000d5a   0x08000d5a   0x00000080   Code   RO         6768    i.HAL_ETH_BuildRxDescriptors  stm32h7xx_hal_eth.o
    0x08000dda   0x08000dda   0x00000002   Code   RO         6769    i.HAL_ETH_DMAErrorCallback  stm32h7xx_hal_eth.o
    0x08000ddc   0x08000ddc   0x00000040   Code   RO         6771    i.HAL_ETH_DescAssignMemory  stm32h7xx_hal_eth.o
    0x08000e1c   0x08000e1c   0x00000002   Code   RO         6772    i.HAL_ETH_EEECallback  stm32h7xx_hal_eth.o
    0x08000e1e   0x08000e1e   0x000001d6   Code   RO         6778    i.HAL_ETH_GetMACConfig  stm32h7xx_hal_eth.o
    0x08000ff4   0x08000ff4   0x000000d6   Code   RO         6782    i.HAL_ETH_GetRxDataBuffer  stm32h7xx_hal_eth.o
    0x080010ca   0x080010ca   0x00000040   Code   RO         6784    i.HAL_ETH_GetRxDataLength  stm32h7xx_hal_eth.o
    0x0800110a   0x0800110a   0x00000002   PAD
    0x0800110c   0x0800110c   0x000001b8   Code   RO         6786    i.HAL_ETH_IRQHandler  stm32h7xx_hal_eth.o
    0x080012c4   0x080012c4   0x0000015c   Code   RO         6787    i.HAL_ETH_Init      stm32h7xx_hal_eth.o
    0x08001420   0x08001420   0x000000fe   Code   RO         6788    i.HAL_ETH_IsRxDataAvailable  stm32h7xx_hal_eth.o
    0x0800151e   0x0800151e   0x00000002   Code   RO         6789    i.HAL_ETH_MACErrorCallback  stm32h7xx_hal_eth.o
    0x08001520   0x08001520   0x00000124   Code   RO         3987    i.HAL_ETH_MspInit   netif_port.o
    0x08001644   0x08001644   0x00000002   Code   RO         6792    i.HAL_ETH_PMTCallback  stm32h7xx_hal_eth.o
    0x08001646   0x08001646   0x00000078   Code   RO         6793    i.HAL_ETH_ReadPHYRegister  stm32h7xx_hal_eth.o
    0x080016be   0x080016be   0x00000002   PAD
    0x080016c0   0x080016c0   0x0000002c   Code   RO         3988    i.HAL_ETH_RxCpltCallback  netif_port.o
    0x080016ec   0x080016ec   0x00000024   Code   RO         6797    i.HAL_ETH_SetMACConfig  stm32h7xx_hal_eth.o
    0x08001710   0x08001710   0x00000078   Code   RO         6799    i.HAL_ETH_SetMDIOClockRange  stm32h7xx_hal_eth.o
    0x08001788   0x08001788   0x000000e4   Code   RO         6804    i.HAL_ETH_Start_IT  stm32h7xx_hal_eth.o
    0x0800186c   0x0800186c   0x000000ae   Code   RO         6806    i.HAL_ETH_Stop_IT   stm32h7xx_hal_eth.o
    0x0800191a   0x0800191a   0x000000e0   Code   RO         6807    i.HAL_ETH_Transmit  stm32h7xx_hal_eth.o
    0x080019fa   0x080019fa   0x00000002   Code   RO         6809    i.HAL_ETH_TxCpltCallback  stm32h7xx_hal_eth.o
    0x080019fc   0x080019fc   0x00000002   Code   RO         6810    i.HAL_ETH_WakeUpCallback  stm32h7xx_hal_eth.o
    0x080019fe   0x080019fe   0x00000002   PAD
    0x08001a00   0x08001a00   0x00000080   Code   RO         6811    i.HAL_ETH_WritePHYRegister  stm32h7xx_hal_eth.o
    0x08001a80   0x08001a80   0x00000014   Code   RO         5430    i.HAL_EnableCompensationCell  stm32h7xx_hal.o
    0x08001a94   0x08001a94   0x0000024c   Code   RO         8065    i.HAL_GPIO_Init     stm32h7xx_hal_gpio.o
    0x08001ce0   0x08001ce0   0x00000008   Code   RO         8068    i.HAL_GPIO_TogglePin  stm32h7xx_hal_gpio.o
    0x08001ce8   0x08001ce8   0x0000000a   Code   RO         8069    i.HAL_GPIO_WritePin  stm32h7xx_hal_gpio.o
    0x08001cf2   0x08001cf2   0x00000002   PAD
    0x08001cf4   0x08001cf4   0x0000000c   Code   RO         5437    i.HAL_GetTick       stm32h7xx_hal.o
    0x08001d00   0x08001d00   0x00000018   Code   RO         5440    i.HAL_IncTick       stm32h7xx_hal.o
    0x08001d18   0x08001d18   0x0000001c   Code   RO         5441    i.HAL_Init          stm32h7xx_hal.o
    0x08001d34   0x08001d34   0x00000094   Code   RO          772    i.HAL_InitTick      bsp_init.o
    0x08001dc8   0x08001dc8   0x0000005c   Code   RO         6314    i.HAL_MPU_ConfigRegion  stm32h7xx_hal_cortex.o
    0x08001e24   0x08001e24   0x0000002c   Code   RO         6315    i.HAL_MPU_Disable   stm32h7xx_hal_cortex.o
    0x08001e50   0x08001e50   0x00000040   Code   RO         6316    i.HAL_MPU_Enable    stm32h7xx_hal_cortex.o
    0x08001e90   0x08001e90   0x00000002   Code   RO         5444    i.HAL_MspInit       stm32h7xx_hal.o
    0x08001e92   0x08001e92   0x00000020   Code   RO         6319    i.HAL_NVIC_EnableIRQ  stm32h7xx_hal_cortex.o
    0x08001eb2   0x08001eb2   0x0000007a   Code   RO         6325    i.HAL_NVIC_SetPriority  stm32h7xx_hal_cortex.o
    0x08001f2c   0x08001f2c   0x00000028   Code   RO         6326    i.HAL_NVIC_SetPriorityGrouping  stm32h7xx_hal_cortex.o
    0x08001f54   0x08001f54   0x00000038   Code   RO        10135    i.HAL_RCCEx_GetD1SysClockFreq  stm32h7xx_hal_rcc_ex.o
    0x08001f8c   0x08001f8c   0x00000250   Code   RO        10026    i.HAL_RCC_ClockConfig  stm32h7xx_hal_rcc.o
    0x080021dc   0x080021dc   0x0000006c   Code   RO        10029    i.HAL_RCC_GetClockConfig  stm32h7xx_hal_rcc.o
    0x08002248   0x08002248   0x00000038   Code   RO        10030    i.HAL_RCC_GetHCLKFreq  stm32h7xx_hal_rcc.o
    0x08002280   0x08002280   0x0000002c   Code   RO        10032    i.HAL_RCC_GetPCLK1Freq  stm32h7xx_hal_rcc.o
    0x080022ac   0x080022ac   0x00000244   Code   RO        10034    i.HAL_RCC_GetSysClockFreq  stm32h7xx_hal_rcc.o
    0x080024f0   0x080024f0   0x000006c4   Code   RO        10037    i.HAL_RCC_OscConfig  stm32h7xx_hal_rcc.o
    0x08002bb4   0x08002bb4   0x00000014   Code   RO         5453    i.HAL_SYSCFG_ETHInterfaceSelect  stm32h7xx_hal.o
    0x08002bc8   0x08002bc8   0x00000002   Code   RO        11416    i.HAL_TIMEx_BreakCallback  stm32h7xx_hal_tim_ex.o
    0x08002bca   0x08002bca   0x00000002   Code   RO        11417    i.HAL_TIMEx_CommutationCallback  stm32h7xx_hal_tim_ex.o
    0x08002bcc   0x08002bcc   0x00000034   Code   RO        10761    i.HAL_TIM_Base_Init  stm32h7xx_hal_tim.o
    0x08002c00   0x08002c00   0x00000040   Code   RO          885    i.HAL_TIM_Base_MspInit  bsp_timer.o
    0x08002c40   0x08002c40   0x0000001e   Code   RO        10766    i.HAL_TIM_Base_Start_IT  stm32h7xx_hal_tim.o
    0x08002c5e   0x08002c5e   0x00000002   Code   RO        10790    i.HAL_TIM_IC_CaptureCallback  stm32h7xx_hal_tim.o
    0x08002c60   0x08002c60   0x000001b8   Code   RO        10803    i.HAL_TIM_IRQHandler  stm32h7xx_hal_tim.o
    0x08002e18   0x08002e18   0x00000002   Code   RO        10806    i.HAL_TIM_OC_DelayElapsedCallback  stm32h7xx_hal_tim.o
    0x08002e1a   0x08002e1a   0x00000002   Code   RO        10833    i.HAL_TIM_PWM_PulseFinishedCallback  stm32h7xx_hal_tim.o
    0x08002e1c   0x08002e1c   0x00000034   Code   RO          886    i.HAL_TIM_PeriodElapsedCallback  bsp_timer.o
    0x08002e50   0x08002e50   0x00000002   Code   RO        10844    i.HAL_TIM_TriggerCallback  stm32h7xx_hal_tim.o
    0x08002e52   0x08002e52   0x00000004   Code   RO          418    i.HardFault_Handler  stm32h7xx_it.o
    0x08002e56   0x08002e56   0x0000001c   Code   RO          775    i.InitMCU           bsp_init.o
    0x08002e72   0x08002e72   0x000000ea   Code   RO         4339    i.LAN8742_GetLinkState  lan8742.o
    0x08002f5c   0x08002f5c   0x000000ec   Code   RO         4340    i.LAN8742_Init      lan8742.o
    0x08003048   0x08003048   0x0000002e   Code   RO         4341    i.LAN8742_RegisterBusIO  lan8742.o
    0x08003076   0x08003076   0x00000002   PAD
    0x08003078   0x08003078   0x00000050   Code   RO          853    i.MPU_Memory_Protection  bsp_mpu.o
    0x080030c8   0x080030c8   0x0000005a   Code   RO          854    i.MPU_Set_Protection  bsp_mpu.o
    0x08003122   0x08003122   0x00000004   Code   RO          419    i.MemManage_Handler  stm32h7xx_it.o
    0x08003126   0x08003126   0x00000002   Code   RO          420    i.NMI_Handler       stm32h7xx_it.o
    0x08003128   0x08003128   0x00000010   Code   RO          505    i.NetInit           app_net.o
    0x08003138   0x08003138   0x00000024   Code   RO          953    i.RCC_GPIOD_ENABLE  bsp_gpio.o
    0x0800315c   0x0800315c   0x00000022   Code   RO         1002    i.RingBuff_GetNumber  ringbuff.o
    0x0800317e   0x0800317e   0x0000000c   Code   RO         1003    i.RingBuff_Init     ringbuff.o
    0x0800318a   0x0800318a   0x00000038   Code   RO         1005    i.RingBuff_Read     ringbuff.o
    0x080031c2   0x080031c2   0x0000002a   Code   RO         1006    i.RingBuff_Write    ringbuff.o
    0x080031ec   0x080031ec   0x0000009c   Code   RO          776    i.SCB_EnableDCache  bsp_init.o
    0x08003288   0x08003288   0x0000007c   Code   RO          777    i.SCB_EnableICache  bsp_init.o
    0x08003304   0x08003304   0x0000004c   Code   RO         3989    i.SCB_InvalidateDCache_by_Addr  netif_port.o
    0x08003350   0x08003350   0x00000038   Code   RO         5291    i.SysTick_Handler   port.o
    0x08003388   0x08003388   0x0000010c   Code   RO          778    i.SystemClock_Config  bsp_init.o
    0x08003494   0x08003494   0x00000094   Code   RO         5371    i.SystemInit        system_stm32h7xx.o
    0x08003528   0x08003528   0x00000010   Code   RO          887    i.TIM2_IRQHandler   bsp_timer.o
    0x08003538   0x08003538   0x00000010   Code   RO          779    i.TIM7_IRQHandler   bsp_init.o
    0x08003548   0x08003548   0x000000cc   Code   RO        10845    i.TIM_Base_SetConfig  stm32h7xx_hal_tim.o
    0x08003614   0x08003614   0x0000002c   Code   RO          888    i.TIMx_Timer_Init   bsp_timer.o
    0x08003640   0x08003640   0x00000064   Code   RO          726    i.Tcp_ReseverDataBuff  tcp_server.o
    0x080036a4   0x080036a4   0x00000060   Code   RO          727    i.Tcp_ServerSendBuff  tcp_server.o
    0x08003704   0x08003704   0x00000004   Code   RO          421    i.UsageFault_Handler  stm32h7xx_it.o
    0x08003708   0x08003708   0x00000020   Code   RO        12950    i.__0printf$2       mc_w.l(printf2.o)
    0x08003728   0x08003728   0x00000030   Code   RO        12951    i.__0snprintf$2     mc_w.l(printf2.o)
    0x08003758   0x08003758   0x00000010   Code   RO         6332    i.__NVIC_GetPriorityGrouping  stm32h7xx_hal_cortex.o
    0x08003768   0x08003768   0x00000028   Code   RO         6333    i.__NVIC_SetPriority  stm32h7xx_hal_cortex.o
    0x08003790   0x08003790   0x0000000e   Code   RO        13203    i.__scatterload_copy  mc_w.l(handlers.o)
    0x0800379e   0x0800379e   0x00000002   Code   RO        13204    i.__scatterload_null  mc_w.l(handlers.o)
    0x080037a0   0x080037a0   0x0000000e   Code   RO        13205    i.__scatterload_zeroinit  mc_w.l(handlers.o)
    0x080037ae   0x080037ae   0x000000d6   Code   RO        12957    i._printf_core      mc_w.l(printf2.o)
    0x08003884   0x08003884   0x00000016   Code   RO        12958    i._snputc           mc_w.l(printf2.o)
    0x0800389a   0x0800389a   0x00000002   PAD
    0x0800389c   0x0800389c   0x00000164   Code   RO         1655    i.accept_function   api_msg.o
    0x08003a00   0x08003a00   0x00000080   Code   RO         2425    i.do_memp_free_pool  memp.o
    0x08003a80   0x08003a80   0x000000a0   Code   RO         2426    i.do_memp_malloc_pool_fn  memp.o
    0x08003b20   0x08003b20   0x000001c4   Code   RO         1656    i.err_tcp           api_msg.o
    0x08003ce4   0x08003ce4   0x00000002   Code   RO         3990    i.eth_link_callback  netif_port.o
    0x08003ce6   0x08003ce6   0x00000002   PAD
    0x08003ce8   0x08003ce8   0x00000038   Code   RO         3717    i.etharp_cleanup_netif  etharp.o
    0x08003d20   0x08003d20   0x000002e0   Code   RO         3719    i.etharp_find_entry  etharp.o
    0x08004000   0x08004000   0x00000078   Code   RO         3720    i.etharp_free_entry  etharp.o
    0x08004078   0x08004078   0x00000110   Code   RO         3722    i.etharp_input      etharp.o
    0x08004188   0x08004188   0x000001e4   Code   RO         3723    i.etharp_output     etharp.o
    0x0800436c   0x0800436c   0x00000128   Code   RO         3724    i.etharp_output_to_arp_index  etharp.o
    0x08004494   0x08004494   0x00000280   Code   RO         3725    i.etharp_query      etharp.o
    0x08004714   0x08004714   0x00000154   Code   RO         3726    i.etharp_raw        etharp.o
    0x08004868   0x08004868   0x0000001c   Code   RO         3727    i.etharp_request    etharp.o
    0x08004884   0x08004884   0x0000002c   Code   RO         3728    i.etharp_request_dst  etharp.o
    0x080048b0   0x080048b0   0x000000e4   Code   RO         3729    i.etharp_tmr        etharp.o
    0x08004994   0x08004994   0x00000128   Code   RO         3730    i.etharp_update_arp_entry  etharp.o
    0x08004abc   0x08004abc   0x000000d8   Code   RO         3954    i.ethernet_input    ethernet.o
    0x08004b94   0x08004b94   0x000000c8   Code   RO         3991    i.ethernet_link_thread  netif_port.o
    0x08004c5c   0x08004c5c   0x000000cc   Code   RO         3955    i.ethernet_output   ethernet.o
    0x08004d28   0x08004d28   0x00000070   Code   RO         3992    i.ethernetif_init   netif_port.o
    0x08004d98   0x08004d98   0x00000058   Code   RO         3993    i.ethernetif_input  netif_port.o
    0x08004df0   0x08004df0   0x00000012   Code   RO        13160    i.fputc             mc_w.l(fputc.o)
    0x08004e02   0x08004e02   0x00000012   Code   RO         3814    i.icmp_dest_unreach  icmp.o
    0x08004e14   0x08004e14   0x00000284   Code   RO         3815    i.icmp_input        icmp.o
    0x08005098   0x08005098   0x000000f0   Code   RO         3816    i.icmp_send_response  icmp.o
    0x08005188   0x08005188   0x00000056   Code   RO         2204    i.inet_chksum_pbuf  inet_chksum.o
    0x080051de   0x080051de   0x0000004e   Code   RO         3889    i.ip4_addr_isbroadcast_u32  ip4_addr.o
    0x0800522c   0x0800522c   0x000001d0   Code   RO         3846    i.ip4_input         ip4.o
    0x080053fc   0x080053fc   0x0000003c   Code   RO         3847    i.ip4_input_accept  ip4.o
    0x08005438   0x08005438   0x00000036   Code   RO         3849    i.ip4_output_if     ip4.o
    0x0800546e   0x0800546e   0x00000002   PAD
    0x08005470   0x08005470   0x00000154   Code   RO         3850    i.ip4_output_if_src  ip4.o
    0x080055c4   0x080055c4   0x00000098   Code   RO         3851    i.ip4_route         ip4.o
    0x0800565c   0x0800565c   0x000001cc   Code   RO         3891    i.ip4addr_aton      ip4_addr.o
    0x08005828   0x08005828   0x000001c4   Code   RO         3994    i.low_level_init    netif_port.o
    0x080059ec   0x080059ec   0x00000088   Code   RO         3995    i.low_level_input   netif_port.o
    0x08005a74   0x08005a74   0x00000084   Code   RO         3996    i.low_level_output  netif_port.o
    0x08005af8   0x08005af8   0x00000050   Code   RO         3508    i.lwip_cyclic_timer  timeouts.o
    0x08005b48   0x08005b48   0x0000001a   Code   RO         2155    i.lwip_htonl        def.o
    0x08005b62   0x08005b62   0x0000000c   Code   RO         2156    i.lwip_htons        def.o
    0x08005b6e   0x08005b6e   0x00000002   PAD
    0x08005b70   0x08005b70   0x00000060   Code   RO         2264    i.lwip_init         init.o
    0x08005bd0   0x08005bd0   0x0000004c   Code   RO         1657    i.lwip_netconn_do_bind  api_msg.o
    0x08005c1c   0x08005c1c   0x00000120   Code   RO         1659    i.lwip_netconn_do_close  api_msg.o
    0x08005d3c   0x08005d3c   0x00000324   Code   RO         1660    i.lwip_netconn_do_close_internal  api_msg.o
    0x08006060   0x08006060   0x00000174   Code   RO         1661    i.lwip_netconn_do_connect  api_msg.o
    0x080061d4   0x080061d4   0x00000170   Code   RO         1662    i.lwip_netconn_do_connected  api_msg.o
    0x08006344   0x08006344   0x000001e4   Code   RO         1663    i.lwip_netconn_do_delconn  api_msg.o
    0x08006528   0x08006528   0x000000f0   Code   RO         1665    i.lwip_netconn_do_getaddr  api_msg.o
    0x08006618   0x08006618   0x000000e0   Code   RO         1666    i.lwip_netconn_do_listen  api_msg.o
    0x080066f8   0x080066f8   0x00000018   Code   RO         1667    i.lwip_netconn_do_newconn  api_msg.o
    0x08006710   0x08006710   0x00000048   Code   RO         1668    i.lwip_netconn_do_recv  api_msg.o
    0x08006758   0x08006758   0x00000140   Code   RO         1670    i.lwip_netconn_do_write  api_msg.o
    0x08006898   0x08006898   0x000003e4   Code   RO         1671    i.lwip_netconn_do_writemore  api_msg.o
    0x08006c7c   0x08006c7c   0x00000074   Code   RO         1672    i.lwip_netconn_err_to_msg  api_msg.o
    0x08006cf0   0x08006cf0   0x0000007c   Code   RO         1673    i.lwip_netconn_is_err_msg  api_msg.o
    0x08006d6c   0x08006d6c   0x0000005e   Code   RO         2211    i.lwip_standard_chksum  inet_chksum.o
    0x08006dca   0x08006dca   0x00000002   PAD
    0x08006dcc   0x08006dcc   0x00000038   Code   RO            4    i.main              main.o
    0x08006e04   0x08006e04   0x000001ec   Code   RO         2349    i.mem_free          mem.o
    0x08006ff0   0x08006ff0   0x000000ac   Code   RO         2350    i.mem_init          mem.o
    0x0800709c   0x0800709c   0x00000058   Code   RO         2351    i.mem_link_valid    mem.o
    0x080070f4   0x080070f4   0x000002ec   Code   RO         2352    i.mem_malloc        mem.o
    0x080073e0   0x080073e0   0x000000e4   Code   RO         2353    i.mem_overflow_check_raw  mem.o
    0x080074c4   0x080074c4   0x00000022   Code   RO         2354    i.mem_overflow_init_raw  mem.o
    0x080074e6   0x080074e6   0x00000002   PAD
    0x080074e8   0x080074e8   0x00000010   Code   RO         2355    i.mem_to_ptr        mem.o
    0x080074f8   0x080074f8   0x00000220   Code   RO         2356    i.mem_trim          mem.o
    0x08007718   0x08007718   0x0000006c   Code   RO         2427    i.memp_free         memp.o
    0x08007784   0x08007784   0x0000005c   Code   RO         2428    i.memp_free_pool    memp.o
    0x080077e0   0x080077e0   0x00000020   Code   RO         2429    i.memp_init         memp.o
    0x08007800   0x08007800   0x0000003e   Code   RO         2430    i.memp_init_pool    memp.o
    0x0800783e   0x0800783e   0x00000002   PAD
    0x08007840   0x08007840   0x00000078   Code   RO         2431    i.memp_malloc_fn    memp.o
    0x080078b8   0x080078b8   0x0000005c   Code   RO         2432    i.memp_malloc_pool_fn  memp.o
    0x08007914   0x08007914   0x00000020   Code   RO         2433    i.memp_overflow_check_element  memp.o
    0x08007934   0x08007934   0x00000012   Code   RO         2434    i.memp_overflow_init_element  memp.o
    0x08007946   0x08007946   0x00000002   PAD
    0x08007948   0x08007948   0x000000ec   Code   RO         1901    i.netbuf_data       netbuf.o
    0x08007a34   0x08007a34   0x00000020   Code   RO         1902    i.netbuf_delete     netbuf.o
    0x08007a54   0x08007a54   0x00000130   Code   RO         1318    i.netconn_accept    api_lib.o
    0x08007b84   0x08007b84   0x000000e4   Code   RO         1674    i.netconn_alloc     api_msg.o
    0x08007c68   0x08007c68   0x00000026   Code   RO         1319    i.netconn_apimsg    api_lib.o
    0x08007c8e   0x08007c8e   0x00000002   PAD
    0x08007c90   0x08007c90   0x00000084   Code   RO         1320    i.netconn_bind      api_lib.o
    0x08007d14   0x08007d14   0x0000000e   Code   RO         1322    i.netconn_close     api_lib.o
    0x08007d22   0x08007d22   0x00000002   PAD
    0x08007d24   0x08007d24   0x0000007c   Code   RO         1323    i.netconn_close_shutdown  api_lib.o
    0x08007da0   0x08007da0   0x00000088   Code   RO         1324    i.netconn_connect   api_lib.o
    0x08007e28   0x08007e28   0x0000001e   Code   RO         1325    i.netconn_delete    api_lib.o
    0x08007e46   0x08007e46   0x000000aa   Code   RO         1675    i.netconn_drain     api_msg.o
    0x08007ef0   0x08007ef0   0x00000022   Code   RO         1327    i.netconn_err       api_lib.o
    0x08007f12   0x08007f12   0x00000002   PAD
    0x08007f14   0x08007f14   0x00000140   Code   RO         1676    i.netconn_free      api_msg.o
    0x08008054   0x08008054   0x00000108   Code   RO         1328    i.netconn_getaddr   api_lib.o
    0x0800815c   0x0800815c   0x00000078   Code   RO         1329    i.netconn_listen_with_backlog  api_lib.o
    0x080081d4   0x080081d4   0x00000168   Code   RO         1330    i.netconn_new_with_proto_and_callback  api_lib.o
    0x0800833c   0x0800833c   0x00000030   Code   RO         1331    i.netconn_prepare_delete  api_lib.o
    0x0800836c   0x0800836c   0x00000124   Code   RO         1332    i.netconn_recv      api_lib.o
    0x08008490   0x08008490   0x000001a4   Code   RO         1333    i.netconn_recv_data  api_lib.o
    0x08008634   0x08008634   0x000000bc   Code   RO         1334    i.netconn_recv_data_tcp  api_lib.o
    0x080086f0   0x080086f0   0x00000080   Code   RO         1343    i.netconn_tcp_recvd_msg  api_lib.o
    0x08008770   0x08008770   0x00000028   Code   RO         1344    i.netconn_write_partly  api_lib.o
    0x08008798   0x08008798   0x000001a0   Code   RO         1345    i.netconn_write_vectors_partly  api_lib.o
    0x08008938   0x08008938   0x00000210   Code   RO         2533    i.netif_add         netif.o
    0x08008b48   0x08008b48   0x00000054   Code   RO          506    i.netif_config      app_net.o
    0x08008b9c   0x08008b9c   0x00000018   Code   RO         2535    i.netif_do_ip_addr_changed  netif.o
    0x08008bb4   0x08008bb4   0x0000002a   Code   RO         2536    i.netif_do_set_gw   netif.o
    0x08008bde   0x08008bde   0x00000002   PAD
    0x08008be0   0x08008be0   0x000000a4   Code   RO         2537    i.netif_do_set_ipaddr  netif.o
    0x08008c84   0x08008c84   0x0000002a   Code   RO         2538    i.netif_do_set_netmask  netif.o
    0x08008cae   0x08008cae   0x00000002   PAD
    0x08008cb0   0x08008cb0   0x00000028   Code   RO         2540    i.netif_get_by_index  netif.o
    0x08008cd8   0x08008cd8   0x00000002   Code   RO         2542    i.netif_init        netif.o
    0x08008cda   0x08008cda   0x00000002   PAD
    0x08008cdc   0x08008cdc   0x00000094   Code   RO         2544    i.netif_issue_reports  netif.o
    0x08008d70   0x08008d70   0x00000008   Code   RO         2546    i.netif_null_output_ip4  netif.o
    0x08008d78   0x08008d78   0x00000060   Code   RO         2548    i.netif_set_addr    netif.o
    0x08008dd8   0x08008dd8   0x00000010   Code   RO         2549    i.netif_set_default  netif.o
    0x08008de8   0x08008de8   0x00000088   Code   RO         2550    i.netif_set_down    netif.o
    0x08008e70   0x08008e70   0x00000006   Code   RO         2553    i.netif_set_link_callback  netif.o
    0x08008e76   0x08008e76   0x00000002   PAD
    0x08008e78   0x08008e78   0x00000088   Code   RO         2554    i.netif_set_link_down  netif.o
    0x08008f00   0x08008f00   0x00000090   Code   RO         2555    i.netif_set_link_up  netif.o
    0x08008f90   0x08008f90   0x0000007c   Code   RO         2557    i.netif_set_up      netif.o
    0x0800900c   0x0800900c   0x00000012   Code   RO         2710    i.pbuf_add_header   pbuf.o
    0x0800901e   0x0800901e   0x00000002   PAD
    0x08009020   0x08009020   0x000000ac   Code   RO         2712    i.pbuf_add_header_impl  pbuf.o
    0x080090cc   0x080090cc   0x00000270   Code   RO         2713    i.pbuf_alloc        pbuf.o
    0x0800933c   0x0800933c   0x00000084   Code   RO         2714    i.pbuf_alloc_reference  pbuf.o
    0x080093c0   0x080093c0   0x0000005a   Code   RO         2715    i.pbuf_alloced_custom  pbuf.o
    0x0800941a   0x0800941a   0x00000002   PAD
    0x0800941c   0x0800941c   0x00000110   Code   RO         2716    i.pbuf_cat          pbuf.o
    0x0800952c   0x0800952c   0x00000012   Code   RO         2718    i.pbuf_clen         pbuf.o
    0x0800953e   0x0800953e   0x00000002   PAD
    0x08009540   0x08009540   0x00000070   Code   RO         2719    i.pbuf_clone        pbuf.o
    0x080095b0   0x080095b0   0x000001f4   Code   RO         2721    i.pbuf_copy         pbuf.o
    0x080097a4   0x080097a4   0x00000100   Code   RO         2722    i.pbuf_copy_partial  pbuf.o
    0x080098a4   0x080098a4   0x00000174   Code   RO         2724    i.pbuf_free         pbuf.o
    0x08009a18   0x08009a18   0x00000014   Code   RO         3997    i.pbuf_free_custom  netif_port.o
    0x08009a2c   0x08009a2c   0x00000040   Code   RO         2726    i.pbuf_free_ooseq   pbuf.o
    0x08009a6c   0x08009a6c   0x0000000a   Code   RO         2727    i.pbuf_free_ooseq_callback  pbuf.o
    0x08009a76   0x08009a76   0x00000012   Code   RO         2731    i.pbuf_header_force  pbuf.o
    0x08009a88   0x08009a88   0x00000022   Code   RO         2732    i.pbuf_header_impl  pbuf.o
    0x08009aaa   0x08009aaa   0x0000001e   Code   RO         2733    i.pbuf_init_alloced_pbuf  pbuf.o
    0x08009ac8   0x08009ac8   0x00000044   Code   RO         2736    i.pbuf_pool_is_empty  pbuf.o
    0x08009b0c   0x08009b0c   0x00000124   Code   RO         2738    i.pbuf_realloc      pbuf.o
    0x08009c30   0x08009c30   0x00000064   Code   RO         2739    i.pbuf_ref          pbuf.o
    0x08009c94   0x08009c94   0x000000b8   Code   RO         2740    i.pbuf_remove_header  pbuf.o
    0x08009d4c   0x08009d4c   0x000000cc   Code   RO         1677    i.pcb_new           api_msg.o
    0x08009e18   0x08009e18   0x0000019c   Code   RO         2357    i.plug_holes        mem.o
    0x08009fb4   0x08009fb4   0x000000c0   Code   RO         1678    i.poll_tcp          api_msg.o
    0x0800a074   0x0800a074   0x00000098   Code   RO         4768    i.prvAddCurrentTaskToDelayedList  tasks.o
    0x0800a10c   0x0800a10c   0x000000b8   Code   RO         4769    i.prvAddNewTaskToReadyList  tasks.o
    0x0800a1c4   0x0800a1c4   0x00000064   Code   RO         5111    i.prvCheckForValidListAndQueue  timers.o
    0x0800a228   0x0800a228   0x00000064   Code   RO         4770    i.prvCheckTasksWaitingTermination  tasks.o
    0x0800a28c   0x0800a28c   0x0000002a   Code   RO         4570    i.prvCopyDataFromQueue  queue.o
    0x0800a2b6   0x0800a2b6   0x0000007c   Code   RO         4571    i.prvCopyDataToQueue  queue.o
    0x0800a332   0x0800a332   0x00000012   Code   RO         4771    i.prvDeleteTCB      tasks.o
    0x0800a344   0x0800a344   0x00000028   Code   RO         5112    i.prvGetNextExpireTime  timers.o
    0x0800a36c   0x0800a36c   0x0000007c   Code   RO         5241    i.prvHeapInit       heap_4.o
    0x0800a3e8   0x0800a3e8   0x00000028   Code   RO         4772    i.prvIdleTask       tasks.o
    0x0800a410   0x0800a410   0x0000001c   Code   RO         4572    i.prvInitialiseMutex  queue.o
    0x0800a42c   0x0800a42c   0x0000002a   Code   RO         4573    i.prvInitialiseNewQueue  queue.o
    0x0800a456   0x0800a456   0x000000b8   Code   RO         4773    i.prvInitialiseNewTask  tasks.o
    0x0800a50e   0x0800a50e   0x00000002   PAD
    0x0800a510   0x0800a510   0x00000068   Code   RO         4774    i.prvInitialiseTaskLists  tasks.o
    0x0800a578   0x0800a578   0x00000068   Code   RO         5242    i.prvInsertBlockIntoFreeList  heap_4.o
    0x0800a5e0   0x0800a5e0   0x00000058   Code   RO         5114    i.prvInsertTimerInActiveList  timers.o
    0x0800a638   0x0800a638   0x0000001a   Code   RO         4574    i.prvIsQueueEmpty   queue.o
    0x0800a652   0x0800a652   0x0000001e   Code   RO         4575    i.prvIsQueueFull    queue.o
    0x0800a670   0x0800a670   0x00000068   Code   RO         5115    i.prvProcessExpiredTimer  timers.o
    0x0800a6d8   0x0800a6d8   0x00000100   Code   RO         5116    i.prvProcessReceivedCommands  timers.o
    0x0800a7d8   0x0800a7d8   0x00000074   Code   RO         5117    i.prvProcessTimerOrBlockTask  timers.o
    0x0800a84c   0x0800a84c   0x00000034   Code   RO         4776    i.prvResetNextTaskUnblockTime  tasks.o
    0x0800a880   0x0800a880   0x0000002c   Code   RO         5118    i.prvSampleTimeNow  timers.o
    0x0800a8ac   0x0800a8ac   0x000000a4   Code   RO         5119    i.prvSwitchTimerLists  timers.o
    0x0800a950   0x0800a950   0x00000048   Code   RO         5292    i.prvTaskExitError  port.o
    0x0800a998   0x0800a998   0x0000001a   Code   RO         5120    i.prvTimerTask      timers.o
    0x0800a9b2   0x0800a9b2   0x0000007e   Code   RO         4576    i.prvUnlockQueue    queue.o
    0x0800aa30   0x0800aa30   0x00000010   Code   RO         2358    i.ptr_to_mem        mem.o
    0x0800aa40   0x0800aa40   0x00000148   Code   RO         5243    i.pvPortMalloc      heap_4.o
    0x0800ab88   0x0800ab88   0x00000020   Code   RO         4779    i.pvTaskIncrementMutexHeldCount  tasks.o
    0x0800aba8   0x0800aba8   0x0000002c   Code   RO         5293    i.pxPortInitialiseStack  port.o
    0x0800abd4   0x0800abd4   0x00000010   Code   RO          615    i.received_server_data_process  tcp_client.o
    0x0800abe4   0x0800abe4   0x00000174   Code   RO         1679    i.recv_tcp          api_msg.o
    0x0800ad58   0x0800ad58   0x00000154   Code   RO         1680    i.recv_udp          api_msg.o
    0x0800aeac   0x0800aeac   0x0000002c   Code   RO          616    i.send_server_data  tcp_client.o
    0x0800aed8   0x0800aed8   0x000000ac   Code   RO         1681    i.sent_tcp          api_msg.o
    0x0800af84   0x0800af84   0x00000044   Code   RO         1682    i.setup_tcp         api_msg.o
    0x0800afc8   0x0800afc8   0x00000002   Code   RO         4140    i.sys_arch_assert   sys_arch.o
    0x0800afca   0x0800afca   0x00000002   PAD
    0x0800afcc   0x0800afcc   0x000000dc   Code   RO         4141    i.sys_arch_mbox_fetch  sys_arch.o
    0x0800b0a8   0x0800b0a8   0x0000002e   Code   RO         4142    i.sys_arch_mbox_tryfetch  sys_arch.o
    0x0800b0d6   0x0800b0d6   0x0000000a   Code   RO         4143    i.sys_arch_protect  sys_arch.o
    0x0800b0e0   0x0800b0e0   0x000000d0   Code   RO         4144    i.sys_arch_sem_wait  sys_arch.o
    0x0800b1b0   0x0800b1b0   0x0000000a   Code   RO         4145    i.sys_arch_unprotect  sys_arch.o
    0x0800b1ba   0x0800b1ba   0x00000002   PAD
    0x0800b1bc   0x0800b1bc   0x00000054   Code   RO         3509    i.sys_check_timeouts  timeouts.o
    0x0800b210   0x0800b210   0x00000002   Code   RO         4146    i.sys_init          sys_arch.o
    0x0800b212   0x0800b212   0x00000002   PAD
    0x0800b214   0x0800b214   0x00000080   Code   RO         4148    i.sys_mbox_free     sys_arch.o
    0x0800b294   0x0800b294   0x00000028   Code   RO         4149    i.sys_mbox_new      sys_arch.o
    0x0800b2bc   0x0800b2bc   0x00000006   Code   RO         4151    i.sys_mbox_set_invalid  sys_arch.o
    0x0800b2c2   0x0800b2c2   0x0000002a   Code   RO         4152    i.sys_mbox_trypost  sys_arch.o
    0x0800b2ec   0x0800b2ec   0x0000000e   Code   RO         4154    i.sys_mbox_valid    sys_arch.o
    0x0800b2fa   0x0800b2fa   0x00000016   Code   RO         4156    i.sys_mutex_lock    sys_arch.o
    0x0800b310   0x0800b310   0x0000001a   Code   RO         4157    i.sys_mutex_new     sys_arch.o
    0x0800b32a   0x0800b32a   0x0000001a   Code   RO         4158    i.sys_mutex_unlock  sys_arch.o
    0x0800b344   0x0800b344   0x00000008   Code   RO         4159    i.sys_now           sys_arch.o
    0x0800b34c   0x0800b34c   0x0000000c   Code   RO         4160    i.sys_sem_free      sys_arch.o
    0x0800b358   0x0800b358   0x0000003e   Code   RO         4161    i.sys_sem_new       sys_arch.o
    0x0800b396   0x0800b396   0x00000006   Code   RO         4162    i.sys_sem_set_invalid  sys_arch.o
    0x0800b39c   0x0800b39c   0x0000001a   Code   RO         4163    i.sys_sem_signal    sys_arch.o
    0x0800b3b6   0x0800b3b6   0x0000000e   Code   RO         4164    i.sys_sem_valid     sys_arch.o
    0x0800b3c4   0x0800b3c4   0x00000038   Code   RO         4165    i.sys_thread_new    sys_arch.o
    0x0800b3fc   0x0800b3fc   0x0000008c   Code   RO         3511    i.sys_timeout       timeouts.o
    0x0800b488   0x0800b488   0x00000100   Code   RO         3512    i.sys_timeout_abs   timeouts.o
    0x0800b588   0x0800b588   0x00000028   Code   RO         3513    i.sys_timeouts_init  timeouts.o
    0x0800b5b0   0x0800b5b0   0x00000088   Code   RO         3514    i.sys_timeouts_sleeptime  timeouts.o
    0x0800b638   0x0800b638   0x00000198   Code   RO         2958    i.tcp_abandon       tcp.o
    0x0800b7d0   0x0800b7d0   0x0000000e   Code   RO         2959    i.tcp_abort         tcp.o
    0x0800b7de   0x0800b7de   0x00000010   Code   RO         2960    i.tcp_accept        tcp.o
    0x0800b7ee   0x0800b7ee   0x00000002   PAD
    0x0800b7f0   0x0800b7f0   0x00000064   Code   RO         2961    i.tcp_accept_null   tcp.o
    0x0800b854   0x0800b854   0x00000100   Code   RO         2962    i.tcp_alloc         tcp.o
    0x0800b954   0x0800b954   0x00000006   Code   RO         2963    i.tcp_arg           tcp.o
    0x0800b95a   0x0800b95a   0x00000002   PAD
    0x0800b95c   0x0800b95c   0x00000130   Code   RO         2964    i.tcp_bind          tcp.o
    0x0800ba8c   0x0800ba8c   0x00000118   Code   RO          617    i.tcp_client_conn_server_task  tcp_client.o
    0x0800bba4   0x0800bba4   0x00000070   Code   RO         2966    i.tcp_close         tcp.o
    0x0800bc14   0x0800bc14   0x000001cc   Code   RO         2967    i.tcp_close_shutdown  tcp.o
    0x0800bde0   0x0800bde0   0x000000a8   Code   RO         2968    i.tcp_close_shutdown_fin  tcp.o
    0x0800be88   0x0800be88   0x00000220   Code   RO         2969    i.tcp_connect       tcp.o
    0x0800c0a8   0x0800c0a8   0x000001a4   Code   RO         3360    i.tcp_create_segment  tcp_out.o
    0x0800c24c   0x0800c24c   0x00000090   Code   RO         2971    i.tcp_eff_send_mss_netif  tcp.o
    0x0800c2dc   0x0800c2dc   0x00000294   Code   RO         3361    i.tcp_enqueue_flags  tcp_out.o
    0x0800c570   0x0800c570   0x00000068   Code   RO         2972    i.tcp_err           tcp.o
    0x0800c5d8   0x0800c5d8   0x000000a4   Code   RO         2973    i.tcp_fasttmr       tcp.o
    0x0800c67c   0x0800c67c   0x00000054   Code   RO         2974    i.tcp_free          tcp.o
    0x0800c6d0   0x0800c6d0   0x00000128   Code   RO         3283    i.tcp_free_acked_segments  tcp_in.o
    0x0800c7f8   0x0800c7f8   0x0000005c   Code   RO         2975    i.tcp_free_listen   tcp.o
    0x0800c854   0x0800c854   0x00000014   Code   RO         2976    i.tcp_free_ooseq    tcp.o
    0x0800c868   0x0800c868   0x00000048   Code   RO         3284    i.tcp_get_next_optbyte  tcp_in.o
    0x0800c8b0   0x0800c8b0   0x00000038   Code   RO         2977    i.tcp_handle_closepend  tcp.o
    0x0800c8e8   0x0800c8e8   0x00000002   Code   RO         2978    i.tcp_init          tcp.o
    0x0800c8ea   0x0800c8ea   0x00000002   PAD
    0x0800c8ec   0x0800c8ec   0x00000814   Code   RO         3285    i.tcp_input         tcp_in.o
    0x0800d100   0x0800d100   0x000000a4   Code   RO         3286    i.tcp_input_delayed_close  tcp_in.o
    0x0800d1a4   0x0800d1a4   0x000000b0   Code   RO         3362    i.tcp_keepalive     tcp_out.o
    0x0800d254   0x0800d254   0x0000006c   Code   RO         2979    i.tcp_kill_prio     tcp.o
    0x0800d2c0   0x0800d2c0   0x00000090   Code   RO         2980    i.tcp_kill_state    tcp.o
    0x0800d350   0x0800d350   0x00000040   Code   RO         2981    i.tcp_kill_timewait  tcp.o
    0x0800d390   0x0800d390   0x00000094   Code   RO         2982    i.tcp_listen_closed  tcp.o
    0x0800d424   0x0800d424   0x000001bc   Code   RO         3287    i.tcp_listen_input  tcp_in.o
    0x0800d5e0   0x0800d5e0   0x00000184   Code   RO         2984    i.tcp_listen_with_backlog_and_err  tcp.o
    0x0800d764   0x0800d764   0x0000004c   Code   RO         2985    i.tcp_netif_ip_addr_changed  tcp.o
    0x0800d7b0   0x0800d7b0   0x00000090   Code   RO         2986    i.tcp_netif_ip_addr_changed_pcblist  tcp.o
    0x0800d840   0x0800d840   0x00000010   Code   RO         2988    i.tcp_new_ip_type   tcp.o
    0x0800d850   0x0800d850   0x00000068   Code   RO         2989    i.tcp_new_port      tcp.o
    0x0800d8b8   0x0800d8b8   0x0000006c   Code   RO         2990    i.tcp_next_iss      tcp.o
    0x0800d924   0x0800d924   0x000000e8   Code   RO         3288    i.tcp_oos_insert_segment  tcp_in.o
    0x0800da0c   0x0800da0c   0x00000334   Code   RO         3363    i.tcp_output        tcp_out.o
    0x0800dd40   0x0800dd40   0x00000098   Code   RO         3364    i.tcp_output_alloc_header  tcp_out.o
    0x0800ddd8   0x0800ddd8   0x000000e4   Code   RO         3365    i.tcp_output_alloc_header_common  tcp_out.o
    0x0800debc   0x0800debc   0x000000b8   Code   RO         3366    i.tcp_output_control_segment  tcp_out.o
    0x0800df74   0x0800df74   0x000000e4   Code   RO         3367    i.tcp_output_fill_options  tcp_out.o
    0x0800e058   0x0800e058   0x00000218   Code   RO         3368    i.tcp_output_segment  tcp_out.o
    0x0800e270   0x0800e270   0x00000070   Code   RO         3369    i.tcp_output_segment_busy  tcp_out.o
    0x0800e2e0   0x0800e2e0   0x00000104   Code   RO         3289    i.tcp_parseopt      tcp_in.o
    0x0800e3e4   0x0800e3e4   0x00000138   Code   RO         3370    i.tcp_pbuf_prealloc  tcp_out.o
    0x0800e51c   0x0800e51c   0x000000b4   Code   RO         2991    i.tcp_pcb_purge     tcp.o
    0x0800e5d0   0x0800e5d0   0x00000198   Code   RO         2992    i.tcp_pcb_remove    tcp.o
    0x0800e768   0x0800e768   0x00000098   Code   RO         2993    i.tcp_poll          tcp.o
    0x0800e800   0x0800e800   0x00000730   Code   RO         3290    i.tcp_process       tcp_in.o
    0x0800ef30   0x0800ef30   0x000000fc   Code   RO         2994    i.tcp_process_refused_data  tcp.o
    0x0800f02c   0x0800f02c   0x00000c74   Code   RO         3291    i.tcp_receive       tcp_in.o
    0x0800fca0   0x0800fca0   0x00000068   Code   RO         2995    i.tcp_recv          tcp.o
    0x0800fd08   0x0800fd08   0x00000080   Code   RO         2996    i.tcp_recv_null     tcp.o
    0x0800fd88   0x0800fd88   0x000000e4   Code   RO         2997    i.tcp_recved        tcp.o
    0x0800fe6c   0x0800fe6c   0x00000070   Code   RO         2998    i.tcp_remove_listener  tcp.o
    0x0800fedc   0x0800fedc   0x000000c4   Code   RO         3371    i.tcp_rexmit        tcp_out.o
    0x0800ffa0   0x0800ffa0   0x000000d0   Code   RO         3372    i.tcp_rexmit_fast   tcp_out.o
    0x08010070   0x08010070   0x00000064   Code   RO         3373    i.tcp_rexmit_rto    tcp_out.o
    0x080100d4   0x080100d4   0x00000074   Code   RO         3374    i.tcp_rexmit_rto_commit  tcp_out.o
    0x08010148   0x08010148   0x000000e4   Code   RO         3375    i.tcp_rexmit_rto_prepare  tcp_out.o
    0x0801022c   0x0801022c   0x0000001e   Code   RO         3376    i.tcp_route         tcp_out.o
    0x0801024a   0x0801024a   0x00000002   PAD
    0x0801024c   0x0801024c   0x000000ec   Code   RO         3377    i.tcp_rst           tcp_out.o
    0x08010338   0x08010338   0x00000078   Code   RO         2999    i.tcp_seg_copy      tcp.o
    0x080103b0   0x080103b0   0x0000001a   Code   RO         3000    i.tcp_seg_free      tcp.o
    0x080103ca   0x080103ca   0x00000018   Code   RO         3001    i.tcp_segs_free     tcp.o
    0x080103e2   0x080103e2   0x00000002   PAD
    0x080103e4   0x080103e4   0x00000104   Code   RO         3378    i.tcp_send_empty_ack  tcp_out.o
    0x080104e8   0x080104e8   0x0000009c   Code   RO         3379    i.tcp_send_fin      tcp_out.o
    0x08010584   0x08010584   0x00000068   Code   RO         3002    i.tcp_sent          tcp.o
    0x080105ec   0x080105ec   0x00000108   Code   RO          728    i.tcp_server_wait_client_task  tcp_server.o
    0x080106f4   0x080106f4   0x000000b8   Code   RO         3004    i.tcp_shutdown      tcp.o
    0x080107ac   0x080107ac   0x00000730   Code   RO         3005    i.tcp_slowtmr       tcp.o
    0x08010edc   0x08010edc   0x000002a8   Code   RO         3380    i.tcp_split_unsent_seg  tcp_out.o
    0x08011184   0x08011184   0x00000038   Code   RO         3516    i.tcp_timer_needed  timeouts.o
    0x080111bc   0x080111bc   0x00000100   Code   RO         3292    i.tcp_timewait_input  tcp_in.o
    0x080112bc   0x080112bc   0x00000024   Code   RO         3007    i.tcp_tmr           tcp.o
    0x080112e0   0x080112e0   0x00000014   Code   RO         3293    i.tcp_trigger_input_pcb_close  tcp_in.o
    0x080112f4   0x080112f4   0x000000d8   Code   RO         3009    i.tcp_update_rcv_ann_wnd  tcp.o
    0x080113cc   0x080113cc   0x000008d8   Code   RO         3381    i.tcp_write         tcp_out.o
    0x08011ca4   0x08011ca4   0x0000017c   Code   RO         3382    i.tcp_write_checks  tcp_out.o
    0x08011e20   0x08011e20   0x00000144   Code   RO         3383    i.tcp_zero_window_probe  tcp_out.o
    0x08011f64   0x08011f64   0x000000e8   Code   RO         1999    i.tcpip_init        tcpip.o
    0x0801204c   0x0801204c   0x0000008c   Code   RO         2000    i.tcpip_inpkt       tcpip.o
    0x080120d8   0x080120d8   0x00000030   Code   RO         2001    i.tcpip_input       tcpip.o
    0x08012108   0x08012108   0x00000020   Code   RO         2002    i.tcpip_send_msg_wait_sem  tcpip.o
    0x08012128   0x08012128   0x00000038   Code   RO         3517    i.tcpip_tcp_timer   timeouts.o
    0x08012160   0x08012160   0x00000090   Code   RO         2003    i.tcpip_thread      tcpip.o
    0x080121f0   0x080121f0   0x000000a4   Code   RO         2004    i.tcpip_thread_handle_msg  tcpip.o
    0x08012294   0x08012294   0x00000060   Code   RO         2005    i.tcpip_timeouts_mbox_fetch  tcpip.o
    0x080122f4   0x080122f4   0x00000088   Code   RO         2006    i.tcpip_try_callback  tcpip.o
    0x0801237c   0x0801237c   0x00000100   Code   RO         3587    i.udp_bind          udp.o
    0x0801247c   0x0801247c   0x000000fc   Code   RO         3589    i.udp_connect       udp.o
    0x08012578   0x08012578   0x00000002   Code   RO         3591    i.udp_init          udp.o
    0x0801257a   0x0801257a   0x00000002   PAD
    0x0801257c   0x0801257c   0x00000240   Code   RO         3592    i.udp_input         udp.o
    0x080127bc   0x080127bc   0x000000f4   Code   RO         3593    i.udp_input_local_match  udp.o
    0x080128b0   0x080128b0   0x00000030   Code   RO         3594    i.udp_netif_ip_addr_changed  udp.o
    0x080128e0   0x080128e0   0x00000038   Code   RO         3595    i.udp_new           udp.o
    0x08012918   0x08012918   0x0000000e   Code   RO         3596    i.udp_new_ip_type   udp.o
    0x08012926   0x08012926   0x00000002   PAD
    0x08012928   0x08012928   0x00000058   Code   RO         3597    i.udp_new_port      udp.o
    0x08012980   0x08012980   0x00000058   Code   RO         3598    i.udp_recv          udp.o
    0x080129d8   0x080129d8   0x00000090   Code   RO         3599    i.udp_remove        udp.o
    0x08012a68   0x08012a68   0x00000028   Code   RO         4533    i.uxListRemove      list.o
    0x08012a90   0x08012a90   0x0000002e   Code   RO         4579    i.uxQueueMessagesWaiting  queue.o
    0x08012abe   0x08012abe   0x0000001a   Code   RO         4534    i.vListInitialise   list.o
    0x08012ad8   0x08012ad8   0x00000006   Code   RO         4535    i.vListInitialiseItem  list.o
    0x08012ade   0x08012ade   0x00000034   Code   RO         4536    i.vListInsert       list.o
    0x08012b12   0x08012b12   0x00000018   Code   RO         4537    i.vListInsertEnd    list.o
    0x08012b2a   0x08012b2a   0x00000002   PAD
    0x08012b2c   0x08012b2c   0x00000030   Code   RO          464    i.vNet1LedTask      app_core.o
    0x08012b5c   0x08012b5c   0x00000010   Code   RO          507    i.vNet1Task         app_net.o
    0x08012b6c   0x08012b6c   0x00000030   Code   RO          465    i.vNetLedTask       app_core.o
    0x08012b9c   0x08012b9c   0x00000030   Code   RO          508    i.vNetTask          app_net.o
    0x08012bcc   0x08012bcc   0x0000005c   Code   RO         5295    i.vPortEnterCritical  port.o
    0x08012c28   0x08012c28   0x00000040   Code   RO         5296    i.vPortExitCritical  port.o
    0x08012c68   0x08012c68   0x0000009c   Code   RO         5244    i.vPortFree         heap_4.o
    0x08012d04   0x08012d04   0x00000020   Code   RO         5297    i.vPortSetupTimerInterrupt  port.o
    0x08012d24   0x08012d24   0x00000080   Code   RO         5298    i.vPortValidateInterruptPriority  port.o
    0x08012da4   0x08012da4   0x0000002c   Code   RO         4582    i.vQueueAddToRegistry  queue.o
    0x08012dd0   0x08012dd0   0x00000030   Code   RO         4583    i.vQueueDelete      queue.o
    0x08012e00   0x08012e00   0x00000030   Code   RO         4585    i.vQueueUnregisterQueue  queue.o
    0x08012e30   0x08012e30   0x0000004a   Code   RO         4586    i.vQueueWaitForMessageRestricted  queue.o
    0x08012e7a   0x08012e7a   0x00000002   PAD
    0x08012e7c   0x08012e7c   0x000000d0   Code   RO          466    i.vStartTask        app_core.o
    0x08012f4c   0x08012f4c   0x00000060   Code   RO         4788    i.vTaskDelay        tasks.o
    0x08012fac   0x08012fac   0x000000f8   Code   RO         4790    i.vTaskDelete       tasks.o
    0x080130a4   0x080130a4   0x0000000c   Code   RO         4793    i.vTaskMissedYield  tasks.o
    0x080130b0   0x080130b0   0x0000003c   Code   RO         4795    i.vTaskPlaceOnEventList  tasks.o
    0x080130ec   0x080130ec   0x00000044   Code   RO         4796    i.vTaskPlaceOnEventListRestricted  tasks.o
    0x08013130   0x08013130   0x000000b0   Code   RO         4798    i.vTaskPriorityInherit  tasks.o
    0x080131e0   0x080131e0   0x00000034   Code   RO         4802    i.vTaskSetTimeOutState  tasks.o
    0x08013214   0x08013214   0x0000009c   Code   RO         4803    i.vTaskStartScheduler  tasks.o
    0x080132b0   0x080132b0   0x00000010   Code   RO         4805    i.vTaskSuspendAll   tasks.o
    0x080132c0   0x080132c0   0x00000090   Code   RO         4806    i.vTaskSwitchContext  tasks.o
    0x08013350   0x08013350   0x000000e8   Code   RO         5299    i.xPortStartScheduler  port.o
    0x08013438   0x08013438   0x00000022   Code   RO         4588    i.xQueueCreateMutex  queue.o
    0x0801345a   0x0801345a   0x0000005c   Code   RO         4589    i.xQueueGenericCreate  queue.o
    0x080134b6   0x080134b6   0x00000002   PAD
    0x080134b8   0x080134b8   0x000001d0   Code   RO         4590    i.xQueueGenericReceive  queue.o
    0x08013688   0x08013688   0x0000009c   Code   RO         4591    i.xQueueGenericReset  queue.o
    0x08013724   0x08013724   0x000001b8   Code   RO         4592    i.xQueueGenericSend  queue.o
    0x080138dc   0x080138dc   0x00000108   Code   RO         4593    i.xQueueGenericSendFromISR  queue.o
    0x080139e4   0x080139e4   0x000000f0   Code   RO         4594    i.xQueueGiveFromISR  queue.o
    0x08013ad4   0x08013ad4   0x00000094   Code   RO         4807    i.xTaskCheckForTimeOut  tasks.o
    0x08013b68   0x08013b68   0x00000060   Code   RO         4808    i.xTaskCreate       tasks.o
    0x08013bc8   0x08013bc8   0x0000010c   Code   RO         4809    i.xTaskGenericNotify  tasks.o
    0x08013cd4   0x08013cd4   0x00000020   Code   RO         4812    i.xTaskGetSchedulerState  tasks.o
    0x08013cf4   0x08013cf4   0x0000000c   Code   RO         4813    i.xTaskGetTickCount  tasks.o
    0x08013d00   0x08013d00   0x0000014c   Code   RO         4815    i.xTaskIncrementTick  tasks.o
    0x08013e4c   0x08013e4c   0x000000a0   Code   RO         4817    i.xTaskNotifyWait   tasks.o
    0x08013eec   0x08013eec   0x000000d0   Code   RO         4818    i.xTaskPriorityDisinherit  tasks.o
    0x08013fbc   0x08013fbc   0x0000009c   Code   RO         4819    i.xTaskRemoveFromEventList  tasks.o
    0x08014058   0x08014058   0x00000108   Code   RO         4821    i.xTaskResumeAll    tasks.o
    0x08014160   0x08014160   0x0000005c   Code   RO         5124    i.xTimerCreateTimerTask  timers.o
    0x080141bc   0x080141bc   0x00000088   Code   RO         5125    i.xTimerGenericCommand  timers.o
    0x08014244   0x08014244   0x00000003   Data   RO         1683    .constdata          api_msg.o
    0x08014247   0x08014247   0x00000001   PAD
    0x08014248   0x08014248   0x000000dc   Data   RO         2436    .constdata          memp.o
    0x08014324   0x08014324   0x00000050   Data   RO         3010    .constdata          tcp.o
    0x08014374   0x08014374   0x00000014   Data   RO         3518    .constdata          timeouts.o
    0x08014388   0x08014388   0x00000008   Data   RO         3896    .constdata          ip4_addr.o
    0x08014390   0x08014390   0x0000000c   Data   RO         3956    .constdata          ethernet.o
    0x0801439c   0x0801439c   0x00000040   Data   RO         4002    .constdata          netif_port.o
    0x080143dc   0x080143dc   0x00000040   Data   RO         5372    .constdata          system_stm32h7xx.o
    0x0801441c   0x0801441c   0x00000081   Data   RO        12840    .constdata          mc_w.l(ctype_o.o)
    0x0801449d   0x0801449d   0x00000003   PAD
    0x080144a0   0x080144a0   0x00000004   Data   RO        12841    .constdata          mc_w.l(ctype_o.o)
    0x080144a4   0x080144a4   0x00000041   Data   RO         2265    .conststring        init.o
    0x080144e5   0x080144e5   0x00000003   PAD
    0x080144e8   0x080144e8   0x00000080   Data   RO         2437    .conststring        memp.o
    0x08014568   0x08014568   0x0000006d   Data   RO         3011    .conststring        tcp.o
    0x080145d5   0x080145d5   0x00000003   PAD
    0x080145d8   0x080145d8   0x00000055   Data   RO         3384    .conststring        tcp_out.o
    0x0801462d   0x0801462d   0x00000003   PAD
    0x08014630   0x08014630   0x00000041   Data   RO         3732    .conststring        etharp.o
    0x08014671   0x08014671   0x00000003   PAD
    0x08014674   0x08014674   0x00000017   Data   RO         4003    .conststring        netif_port.o
    0x0801468b   0x0801468b   0x00000001   PAD
    0x0801468c   0x0801468c   0x00000050   Data   RO        13201    Region$$Table       anon$$obj.o


    Execution Region RW_IRAM2 (Exec base: 0x24000000, Load base: 0x080146dc, Size: 0x00013ca8, Max: 0x00080000, ABSOLUTE, COMPRESSED[0x00000044])

    Exec Addr    Load Addr    Size         Type   Attr      Idx    E Section Name        Object

    0x24000000   COMPRESSED   0x00000004   Data   RW            6    .data               main.o
    0x24000004   COMPRESSED   0x00000010   Data   RW          468    .data               app_core.o
    0x24000014   COMPRESSED   0x00000008   Data   RW          619    .data               tcp_client.o
    0x2400001c   COMPRESSED   0x00000016   Data   RW          730    .data               tcp_server.o
    0x24000032   COMPRESSED   0x00000002   PAD
    0x24000034   COMPRESSED   0x00000004   Data   RW          894    .data               bsp_timer.o
    0x24000038   COMPRESSED   0x00000048   Data   RW          956    .data               bsp_gpio.o
    0x24000080   COMPRESSED   0x00000010   Data   RW         2007    .data               tcpip.o
    0x24000090   COMPRESSED   0x00000014   Data   RW         2359    .data               mem.o
    0x240000a4   COMPRESSED   0x0000002c   Data   RW         2438    .data               memp.o
    0x240000d0   COMPRESSED   0x00000009   Data   RW         2558    .data               netif.o
    0x240000d9   COMPRESSED   0x00000001   Data   RW         2747    .data               pbuf.o
    0x240000da   COMPRESSED   0x00000002   PAD
    0x240000dc   COMPRESSED   0x00000020   Data   RW         3012    .data               tcp.o
    0x240000fc   COMPRESSED   0x00000028   Data   RW         3295    .data               tcp_in.o
    0x24000124   COMPRESSED   0x0000000c   Data   RW         3519    .data               timeouts.o
    0x24000130   COMPRESSED   0x00000008   Data   RW         3604    .data               udp.o
    0x24000138   COMPRESSED   0x00000001   Data   RW         3733    .data               etharp.o
    0x24000139   COMPRESSED   0x00000001   PAD
    0x2400013a   COMPRESSED   0x00000002   Data   RW         3852    .data               ip4.o
    0x2400013c   COMPRESSED   0x0000001c   Data   RW         4004    .data               netif_port.o
    0x24000158   COMPRESSED   0x00000004   Data   RW         4344    .data               lan8742.o
    0x2400015c   COMPRESSED   0x0000003c   Data   RW         4824    .data               tasks.o
    0x24000198   COMPRESSED   0x00000014   Data   RW         5131    .data               timers.o
    0x240001ac   COMPRESSED   0x00000018   Data   RW         5249    .data               heap_4.o
    0x240001c4   COMPRESSED   0x0000000c   Data   RW         5300    .data               port.o
    0x240001d0   COMPRESSED   0x00000008   Data   RW         5373    .data               system_stm32h7xx.o
    0x240001d8   COMPRESSED   0x00000009   Data   RW         5464    .data               stm32h7xx_hal.o
    0x240001e1   COMPRESSED   0x00000003   PAD
    0x240001e4   COMPRESSED   0x00000004   Data   RW        13162    .data               mc_w.l(stdout.o)
    0x240001e8        -       0x00000168   Zero   RW          509    .bss                app_net.o
    0x24000350        -       0x00000040   Zero   RW          780    .bss                bsp_init.o
    0x24000390        -       0x00000040   Zero   RW          892    .bss                bsp_timer.o
    0x240003d0        -       0x00000018   Zero   RW         2336    .bss                ip.o
    0x240003e8        -       0x00005411   Zero   RW         2435    .bss                memp.o
    0x240057f9   COMPRESSED   0x00000003   PAD
    0x240057fc        -       0x00000014   Zero   RW         3294    .bss                tcp_in.o
    0x24005810        -       0x000000f0   Zero   RW         3731    .bss                etharp.o
    0x24005900        -       0x000001bf   Zero   RW         4001    .bss                netif_port.o
    0x24005abf   COMPRESSED   0x00000001   PAD
    0x24005ac0        -       0x00000040   Zero   RW         4601    .bss                queue.o
    0x24005b00        -       0x0000017c   Zero   RW         4823    .bss                tasks.o
    0x24005c7c        -       0x00000028   Zero   RW         5130    .bss                timers.o
    0x24005ca4        -       0x0000dc00   Zero   RW         5248    .bss                heap_4.o
    0x240138a4   COMPRESSED   0x00000004   PAD
    0x240138a8        -       0x00000400   Zero   RW         5404    STACK               startup_stm32h743xx.o


    Execution Region RW_DMARxDscrTab (Exec base: 0x30040000, Load base: 0x08014720, Size: 0x00000060, Max: 0x00000060, ABSOLUTE)

    Exec Addr    Load Addr    Size         Type   Attr      Idx    E Section Name        Object

    0x30040000   0x08014720   0x00000060   Data   RW         3999    .RxDecripSection    netif_port.o


    Execution Region RW_DMATxDscrTab (Exec base: 0x30040060, Load base: 0x08014780, Size: 0x00000060, Max: 0x00000140, ABSOLUTE)

    Exec Addr    Load Addr    Size         Type   Attr      Idx    E Section Name        Object

    0x30040060   0x08014780   0x00000060   Data   RW         4000    .TxDecripSection    netif_port.o


    Execution Region RW_Rx_Buffb (Exec base: 0x30040200, Load base: 0x080147e0, Size: 0x00001800, Max: 0x00001800, ABSOLUTE, COMPRESSED[0x00000034])

    Exec Addr    Load Addr    Size         Type   Attr      Idx    E Section Name        Object

    0x30040200   COMPRESSED   0x00001800   Data   RW         3998    .RxArraySection     netif_port.o


==============================================================================

Image component sizes


      Code (inc. data)   RO Data    RW Data    ZI Data      Debug   Object Name

      3088       1004          0          0          0      74042   api_lib.o
      7382       2018          3          0          0      42987   api_msg.o
       304        102          0         16          0       2376   app_core.o
       164         30          0          0        360      20758   app_net.o
       154          8          0         72          0       2486   bsp_gpio.o
       770         72          0          0         64      40381   bsp_init.o
       170         10          0          0          0       1477   bsp_mpu.o
       176         24          0          4         64       3230   bsp_timer.o
        38          0          0          0          0       1138   def.o
      3540        736         65          1        240      12379   etharp.o
       420         88         12          0          0       2766   ethernet.o
         0          0          0          0          0      11932   event_groups.o
       712         62          0         24      56320       4695   heap_4.o
       902        212          0          0          0       4205   icmp.o
       180          0          0          0          0       2146   inet_chksum.o
        96         26         65          0          0      15226   init.o
         0          0          0          0         24       3218   ip.o
      1070        116          0          2          0       5672   ip4.o
       538         52          8          0          0      11373   ip4_addr.o
       516          6          0          4          0       3185   lan8742.o
       148          0          0          0          0       3502   list.o
        56         20          0          4          0    1177710   main.o
      2750        852          0         20          0      10751   mem.o
       844        314        348         44      21521      13754   memp.o
       268        112          0          0          0      10678   netbuf.o
      1656        522          0          9          0      16150   netif.o
      1670        256         87       6364        447      60993   netif_port.o
      3366       1052          0          1          0      17425   pbuf.o
       906         90          0         12          0      11605   port.o
      2368         26          0          0         64      19057   queue.o
       144          0          0          0          0    1192602   ringbuff.o
        36          8        664          0       1024        872   startup_stm32h743xx.o
       106         24          0          9          0       4434   stm32h7xx_hal.o
       450         38          0          0          0      40296   stm32h7xx_hal_cortex.o
      5000         88          0          0          0      24583   stm32h7xx_hal_eth.o
       606         54          0          0          0       3089   stm32h7xx_hal_gpio.o
      3112         88          0          0          0       6074   stm32h7xx_hal_rcc.o
        56         12          0          0          0        618   stm32h7xx_hal_rcc_ex.o
       734         32          0          0          0       5815   stm32h7xx_hal_tim.o
         4          0          0          0          0       1714   stm32h7xx_hal_tim_ex.o
        20          0          0          0          0       3097   stm32h7xx_it.o
       986        236          0          0          0      17873   sys_arch.o
       148         18         64          8          0       1414   system_stm32h7xx.o
      3570        442          0         60        380      26490   tasks.o
      8468       2626        189         32          0      45526   tcp.o
       340         34          0          8          0      23421   tcp_client.o
      8840       1664          0         40         20      23139   tcp_in.o
      9006       2606         85          0          0      34102   tcp_out.o
       460         56          0         22          0       3320   tcp_server.o
       992        348          0         16          0      14669   tcpip.o
       848        284         20         12          0       7579   timeouts.o
      1166        118          0         20         40      17935   timers.o
      1768        472          0          8          0      10795   udp.o

    ----------------------------------------------------------------------
     81192      17058       1704       6820      80576    3116754   Object Totals
         0          0         80          0          0          0   (incl. Generated)
        80          0         14          8          8          0   (incl. Padding)

    ----------------------------------------------------------------------

      Code (inc. data)   RO Data    RW Data    ZI Data      Debug   Library Member Name

        86          0          0          0          0          0   __dczerorl2.o
         8          4        133          0          0         68   ctype_o.o
         0          0          0          0          0          0   entry.o
         0          0          0          0          0          0   entry10a.o
         0          0          0          0          0          0   entry11a.o
         8          4          0          0          0          0   entry2.o
         4          0          0          0          0          0   entry5.o
         0          0          0          0          0          0   entry7b.o
         0          0          0          0          0          0   entry8b.o
         8          4          0          0          0          0   entry9a.o
        18          0          0          0          0         80   fputc.o
        30          0          0          0          0          0   handlers.o
        36          8          0          0          0         68   init.o
         0          0          0          0          0          0   iusesemip.o
        26          0          0          0          0         80   memcmp.o
        64          0          0          0          0         76   memmovea.o
        36          0          0          0          0        108   memseta.o
       316         14          0          0          0        328   printf2.o
         0          0          0          0          0          0   semi.o
         0          0          0          4          0          0   stdout.o

    ----------------------------------------------------------------------
       644         34        136          4          0        808   Library Totals
         4          0          3          0          0          0   (incl. Padding)

    ----------------------------------------------------------------------

      Code (inc. data)   RO Data    RW Data    ZI Data      Debug   Library Name

       640         34        133          4          0        808   mc_w.l

    ----------------------------------------------------------------------
       644         34        136          4          0        808   Library Totals

    ----------------------------------------------------------------------

==============================================================================


      Code (inc. data)   RO Data    RW Data    ZI Data      Debug   

     81836      17092       1840       6824      80576    3072334   Grand Totals
     81836      17092       1840        312      80576    3072334   ELF Image Totals (compressed)
     81836      17092       1840        312          0          0   ROM Totals

==============================================================================

    Total RO  Size (Code + RO Data)                83676 (  81.71kB)
    Total RW  Size (RW Data + ZI Data)             87400 (  85.35kB)
    Total ROM Size (Code + RO Data + RW Data)      83988 (  82.02kB)

==============================================================================

